Component: ARM Compiler 5.05 update 1 (build 106) Tool: armlink [4d0efa]

==============================================================================

Section Cross References

    main.o(i.hard_init) refers to delay.o(i.delay_init) for delay_init
    main.o(i.hard_init) refers to misc.o(i.NVIC_PriorityGroupConfig) for NVIC_PriorityGroupConfig
    main.o(i.hard_init) refers to adc.o(i.Adc_Init) for Adc_Init
    main.o(i.hard_init) refers to oled.o(i.OLED_Init) for OLED_Init
    main.o(i.hard_init) refers to oled.o(i.OLED_Clear1) for OLED_Clear1
    main.o(i.hard_init) refers to usart.o(i.Usart1_Init) for Usart1_Init
    main.o(i.hard_init) refers to usart.o(i.Usart2_Init) for Usart2_Init
    main.o(i.hard_init) refers to usart.o(i.Usart3_Init) for Usart3_Init
    main.o(i.main) refers to main.o(i.hard_init) for hard_init
    main.o(i.main) refers to adc.o(i.Get_Adc_Average) for Get_Adc_Average
    main.o(i.main) refers to fflt_clz.o(x$fpl$ffltu) for __aeabi_ui2f
    main.o(i.main) refers to f2d.o(x$fpl$f2d) for __aeabi_f2d
    main.o(i.main) refers to dmul.o(x$fpl$dmul) for __aeabi_dmul
    main.o(i.main) refers to d2f.o(x$fpl$d2f) for __aeabi_d2f
    main.o(i.main) refers to fmul.o(x$fpl$fmul) for __aeabi_fmul
    main.o(i.main) refers to ddiv.o(x$fpl$ddiv) for __aeabi_ddiv
    main.o(i.main) refers to fdiv.o(x$fpl$fdiv) for __aeabi_fdiv
    main.o(i.main) refers to oled.o(i.OLED_ShowString1) for OLED_ShowString1
    main.o(i.main) refers to oled.o(i.Dis_Float) for Dis_Float
    main.o(i.main) refers to faddsub_clz.o(x$fpl$fadd) for __aeabi_fadd
    main.o(i.main) refers to usart.o(i.UsartPrintf) for UsartPrintf
    main.o(i.main) refers to delay.o(i.delay_ms) for delay_ms
    main.o(i.main) refers to main.o(.data) for adc0
    main.o(i.main) refers to usart.o(.bss) for usart1Buf
    system_stm32f10x.o(i.SetSysClock) refers to system_stm32f10x.o(i.SetSysClockTo72) for SetSysClockTo72
    system_stm32f10x.o(i.SystemCoreClockUpdate) refers to system_stm32f10x.o(.data) for SystemCoreClock
    system_stm32f10x.o(i.SystemInit) refers to system_stm32f10x.o(i.SetSysClock) for SetSysClock
    delay.o(i.delay_init) refers to misc.o(i.SysTick_CLKSourceConfig) for SysTick_CLKSourceConfig
    delay.o(i.delay_init) refers to system_stm32f10x.o(.data) for SystemCoreClock
    delay.o(i.delay_init) refers to delay.o(.data) for fac_us
    delay.o(i.delay_ms) refers to delay.o(.data) for fac_ms
    delay.o(i.delay_us) refers to delay.o(.data) for fac_us
    usart.o(i.SendInstr) refers to stm32f10x_usart.o(i.USART_SendData) for USART_SendData
    usart.o(i.SendInstr) refers to stm32f10x_usart.o(i.USART_GetFlagStatus) for USART_GetFlagStatus
    usart.o(i.USART1_IRQHandler) refers to stm32f10x_usart.o(i.USART_GetITStatus) for USART_GetITStatus
    usart.o(i.USART1_IRQHandler) refers to stm32f10x_usart.o(i.USART_ClearFlag) for USART_ClearFlag
    usart.o(i.USART1_IRQHandler) refers to usart.o(.data) for usart1Len
    usart.o(i.USART1_IRQHandler) refers to usart.o(.bss) for usart1Buf
    usart.o(i.USART2_IRQHandler) refers to stm32f10x_usart.o(i.USART_GetITStatus) for USART_GetITStatus
    usart.o(i.USART2_IRQHandler) refers to stm32f10x_usart.o(i.USART_ClearFlag) for USART_ClearFlag
    usart.o(i.USART2_IRQHandler) refers to usart.o(.data) for usart2Len
    usart.o(i.USART2_IRQHandler) refers to usart.o(.bss) for usart2Buf
    usart.o(i.USART3_IRQHandler) refers to stm32f10x_usart.o(i.USART_GetITStatus) for USART_GetITStatus
    usart.o(i.USART3_IRQHandler) refers to stm32f10x_usart.o(i.USART_ClearFlag) for USART_ClearFlag
    usart.o(i.Usart1_Init) refers to stm32f10x_rcc.o(i.RCC_APB2PeriphClockCmd) for RCC_APB2PeriphClockCmd
    usart.o(i.Usart1_Init) refers to stm32f10x_gpio.o(i.GPIO_Init) for GPIO_Init
    usart.o(i.Usart1_Init) refers to stm32f10x_usart.o(i.USART_Init) for USART_Init
    usart.o(i.Usart1_Init) refers to stm32f10x_usart.o(i.USART_Cmd) for USART_Cmd
    usart.o(i.Usart1_Init) refers to stm32f10x_usart.o(i.USART_ITConfig) for USART_ITConfig
    usart.o(i.Usart1_Init) refers to misc.o(i.NVIC_Init) for NVIC_Init
    usart.o(i.Usart2_Init) refers to stm32f10x_rcc.o(i.RCC_APB2PeriphClockCmd) for RCC_APB2PeriphClockCmd
    usart.o(i.Usart2_Init) refers to stm32f10x_rcc.o(i.RCC_APB1PeriphClockCmd) for RCC_APB1PeriphClockCmd
    usart.o(i.Usart2_Init) refers to stm32f10x_gpio.o(i.GPIO_Init) for GPIO_Init
    usart.o(i.Usart2_Init) refers to stm32f10x_usart.o(i.USART_Init) for USART_Init
    usart.o(i.Usart2_Init) refers to stm32f10x_usart.o(i.USART_Cmd) for USART_Cmd
    usart.o(i.Usart2_Init) refers to stm32f10x_usart.o(i.USART_ITConfig) for USART_ITConfig
    usart.o(i.Usart2_Init) refers to misc.o(i.NVIC_Init) for NVIC_Init
    usart.o(i.Usart3_Init) refers to stm32f10x_rcc.o(i.RCC_APB2PeriphClockCmd) for RCC_APB2PeriphClockCmd
    usart.o(i.Usart3_Init) refers to stm32f10x_rcc.o(i.RCC_APB1PeriphClockCmd) for RCC_APB1PeriphClockCmd
[...]
    .ARM.Collect$$_printf_percent$$00000011  0x080001c4   Section        6  _printf_llx.o(.ARM.Collect$$_printf_percent$$00000011)
    .ARM.Collect$$_printf_percent$$00000012  0x080001ca   Section       10  _printf_l.o(.ARM.Collect$$_printf_percent$$00000012)
    .ARM.Collect$$_printf_percent$$00000013  0x080001d4   Section        6  _printf_c.o(.ARM.Collect$$_printf_percent$$00000013)
    .ARM.Collect$$_printf_percent$$00000014  0x080001da   Section        6  _printf_s.o(.ARM.Collect$$_printf_percent$$00000014)
    .ARM.Collect$$_printf_percent$$00000015  0x080001e0   Section        6  _printf_lc.o(.ARM.Collect$$_printf_percent$$00000015)
    .ARM.Collect$$_printf_percent$$00000016  0x080001e6   Section        6  _printf_ls.o(.ARM.Collect$$_printf_percent$$00000016)
    .ARM.Collect$$_printf_percent$$00000017  0x080001ec   Section        4  _printf_percent_end.o(.ARM.Collect$$_printf_percent$$00000017)
    .ARM.Collect$$libinit$$00000000          0x080001f0   Section        2  libinit.o(.ARM.Collect$$libinit$$00000000)
    .ARM.Collect$$libinit$$00000002          0x080001f2   Section        0  libinit2.o(.ARM.Collect$$libinit$$00000002)
    .ARM.Collect$$libinit$$00000004          0x080001f2   Section        0  libinit2.o(.ARM.Collect$$libinit$$00000004)
    .ARM.Collect$$libinit$$0000000A          0x080001f2   Section        0  libinit2.o(.ARM.Collect$$libinit$$0000000A)
    .ARM.Collect$$libinit$$0000000C          0x080001f2   Section        0  libinit2.o(.ARM.Collect$$libinit$$0000000C)
    .ARM.Collect$$libinit$$0000000E          0x080001f2   Section        0  libinit2.o(.ARM.Collect$$libinit$$0000000E)
    .ARM.Collect$$libinit$$0000000F          0x080001f2   Section        6  libinit2.o(.ARM.Collect$$libinit$$0000000F)
    .ARM.Collect$$libinit$$00000011          0x080001f8   Section        0  libinit2.o(.ARM.Collect$$libinit$$00000011)
    .ARM.Collect$$libinit$$00000012          0x080001f8   Section       12  libinit2.o(.ARM.Collect$$libinit$$00000012)
    .ARM.Collect$$libinit$$00000013          0x08000204   Section        0  libinit2.o(.ARM.Collect$$libinit$$00000013)
    .ARM.Collect$$libinit$$00000015          0x08000204   Section        0  libinit2.o(.ARM.Collect$$libinit$$00000015)
    .ARM.Collect$$libinit$$00000016          0x08000204   Section       10  libinit2.o(.ARM.Collect$$libinit$$00000016)
    .ARM.Collect$$libinit$$00000017          0x0800020e   Section        0  libinit2.o(.ARM.Collect$$libinit$$00000017)
    .ARM.Collect$$libinit$$00000019          0x0800020e   Section        0  libinit2.o(.ARM.Collect$$libinit$$00000019)
    .ARM.Collect$$libinit$$0000001B          0x0800020e   Section        0  libinit2.o(.ARM.Collect$$libinit$$0000001B)
    .ARM.Collect$$libinit$$0000001D          0x0800020e   Section        0  libinit2.o(.ARM.Collect$$libinit$$0000001D)
    .ARM.Collect$$libinit$$0000001F          0x0800020e   Section        0  libinit2.o(.ARM.Collect$$libinit$$0000001F)
    .ARM.Collect$$libinit$$00000021          0x0800020e   Section        0  libinit2.o(.ARM.Collect$$libinit$$00000021)
    .ARM.Collect$$libinit$$00000023          0x0800020e   Section        0  libinit2.o(.ARM.Collect$$libinit$$00000023)
    .ARM.Collect$$libinit$$00000025          0x0800020e   Section        0  libinit2.o(.ARM.Collect$$libinit$$00000025)
    .ARM.Collect$$libinit$$0000002C          0x0800020e   Section        0  libinit2.o(.ARM.Collect$$libinit$$0000002C)
    .ARM.Collect$$libinit$$0000002E          0x0800020e   Section        0  libinit2.o(.ARM.Collect$$libinit$$0000002E)
    .ARM.Collect$$libinit$$00000030          0x0800020e   Section        0  libinit2.o(.ARM.Collect$$libinit$$00000030)
    .ARM.Collect$$libinit$$00000032          0x0800020e   Section        0  libinit2.o(.ARM.Collect$$libinit$$00000032)
    .ARM.Collect$$libinit$$00000033          0x0800020e   Section        2  libinit2.o(.ARM.Collect$$libinit$$00000033)
    .ARM.Collect$$libshutdown$$00000000      0x08000210   Section        2  libshutdown.o(.ARM.Collect$$libshutdown$$00000000)
    .ARM.Collect$$libshutdown$$00000003      0x08000212   Section        0  libshutdown2.o(.ARM.Collect$$libshutdown$$00000003)
    .ARM.Collect$$libshutdown$$00000006      0x08000212   Section        0  libshutdown2.o(.ARM.Collect$$libshutdown$$00000006)
    .ARM.Collect$$libshutdown$$00000009      0x08000212   Section        0  libshutdown2.o(.ARM.Collect$$libshutdown$$00000009)
    .ARM.Collect$$libshutdown$$0000000B      0x08000212   Section        0  libshutdown2.o(.ARM.Collect$$libshutdown$$0000000B)
    .ARM.Collect$$libshutdown$$0000000E      0x08000212   Section        0  libshutdown2.o(.ARM.Collect$$libshutdown$$0000000E)
    .ARM.Collect$$libshutdown$$0000000F      0x08000212   Section        2  libshutdown2.o(.ARM.Collect$$libshutdown$$0000000F)
    .ARM.Collect$$rtentry$$00000000          0x08000214   Section        0  __rtentry.o(.ARM.Collect$$rtentry$$00000000)
    .ARM.Collect$$rtentry$$00000002          0x08000214   Section        0  __rtentry2.o(.ARM.Collect$$rtentry$$00000002)
    .ARM.Collect$$rtentry$$00000004          0x08000214   Section        6  __rtentry4.o(.ARM.Collect$$rtentry$$00000004)
    .ARM.Collect$$rtentry$$00000009          0x0800021a   Section        0  __rtentry2.o(.ARM.Collect$$rtentry$$00000009)
    .ARM.Collect$$rtentry$$0000000A          0x0800021a   Section        4  __rtentry2.o(.ARM.Collect$$rtentry$$0000000A)
    .ARM.Collect$$rtentry$$0000000C          0x0800021e   Section        0  __rtentry2.o(.ARM.Collect$$rtentry$$0000000C)
    .ARM.Collect$$rtentry$$0000000D          0x0800021e   Section        8  __rtentry2.o(.ARM.Collect$$rtentry$$0000000D)
    .ARM.Collect$$rtexit$$00000000           0x08000226   Section        2  rtexit.o(.ARM.Collect$$rtexit$$00000000)
    .ARM.Collect$$rtexit$$00000002           0x08000228   Section        0  rtexit2.o(.ARM.Collect$$rtexit$$00000002)
    .ARM.Collect$$rtexit$$00000003           0x08000228   Section        4  rtexit2.o(.ARM.Collect$$rtexit$$00000003)
    .ARM.Collect$$rtexit$$00000004           0x0800022c   Section        6  rtexit2.o(.ARM.Collect$$rtexit$$00000004)
    .text                                    0x08000234   Section       64  startup_stm32f10x_md.o(.text)
    .text                                    0x08000274   Section        0  c89vsprintf.o(.text)
    .text                                    0x08000298   Section        0  heapauxi.o(.text)
    .text                                    0x0800029e   Section        0  _printf_pad.o(.text)
    .text                                    0x080002ec   Section        0  _printf_truncate.o(.text)
    .text                                    0x08000310   Section        0  _printf_str.o(.text)
    .text                                    0x08000364   Section        0  _printf_dec.o(.text)
    .text                                    0x080003dc   Section        0  _printf_charcount.o(.text)
    .text                                    0x08000404   Section        0  _printf_char_common.o(.text)
    _printf_input_char                       0x08000405   Thumb Code    10  _printf_char_common.o(.text)
    .text                                    0x08000434   Section        0  _sputc.o(.text)
    .text                                    0x08000440   Section        0  _printf_wctomb.o(.text)
    .text                                    0x080004fc   Section        0  _printf_longlong_dec.o(.text)
    .text                                    0x08000578   Section        0  _printf_oct_int_ll.o(.text)
    _printf_longlong_oct_internal            0x08000579   Thumb Code     0  _printf_oct_int_ll.o(.text)
    .text                                    0x080005e8   Section        0  _printf_hex_int_ll_ptr.o(.text)
    _printf_hex_common                       0x080005e9   Thumb Code     0  _printf_hex_int_ll_ptr.o(.text)
    .text                                    0x0800067c   Section        0  __printf_flags_ss_wp.o(.text)
    .text                                    0x08000804   Section      138  lludiv10.o(.text)
    .text                                    0x0800088e   Section        0  _printf_intcommon.o(.text)
    .text                                    0x08000940   Section        0  _printf_fp_dec.o(.text)
    _fp_digits                               0x08000943   Thumb Code   428  _printf_fp_dec.o(.text)
    .text                                    0x08000d5a   Section        0  _printf_char.o(.text)
    .text                                    0x08000d86   Section        0  _printf_wchar.o(.text)
    .text                                    0x08000db2   Section        0  _wcrtomb.o(.text)
    .text                                    0x08000df2   Section       74  sys_stackheap_outer.o(.text)
    .text                                    0x08000e3c   Section       16  rt_ctype_table.o(.text)
    .text                                    0x08000e4c   Section        8  rt_locale_intlibspace.o(.text)
    .text                                    0x08000e54   Section        0  _printf_fp_infnan.o(.text)
    .text                                    0x08000ed4   Section        0  bigflt0.o(.text)
    .text                                    0x08000fb0   Section        0  exit.o(.text)
    .text                                    0x08000fbc   Section        8  libspace.o(.text)
    .text                                    0x08000fc4   Section      128  strcmpv7m.o(.text)
    .text                                    0x08001044   Section        0  sys_exit.o(.text)
    .text                                    0x08001050   Section        2  use_no_semi.o(.text)
    .text                                    0x08001052   Section        0  indicate_semi.o(.text)
    CL$$btod_d2e                             0x08001052   Section       62  btod.o(CL$$btod_d2e)
    CL$$btod_d2e_denorm_low                  0x08001090   Section       70  btod.o(CL$$btod_d2e_denorm_low)
    CL$$btod_d2e_norm_op1                    0x080010d6   Section       96  btod.o(CL$$btod_d2e_norm_op1)
    CL$$btod_div_common                      0x08001136   Section      824  btod.o(CL$$btod_div_common)
    CL$$btod_e2e                             0x0800146e   Section      198  btod.o(CL$$btod_e2e)
    CL$$btod_ediv                            0x08001534   Section       40  btod.o(CL$$btod_ediv)
    CL$$btod_emul                            0x0800155c   Section       40  btod.o(CL$$btod_emul)
    CL$$btod_mult_common                     0x08001584   Section      580  btod.o(CL$$btod_mult_common)
    i.ADC_Cmd                                0x080017c8   Section        0  stm32f10x_adc.o(i.ADC_Cmd)
    i.ADC_GetCalibrationStatus               0x080017de   Section        0  stm32f10x_adc.o(i.ADC_GetCalibrationStatus)
    i.ADC_GetConversionValue                 0x080017f2   Section        0  stm32f10x_adc.o(i.ADC_GetConversionValue)
    i.ADC_GetFlagStatus                      0x080017fa   Section        0  stm32f10x_adc.o(i.ADC_GetFlagStatus)
    i.ADC_GetResetCalibrationStatus          0x0800180c   Section        0  stm32f10x_adc.o(i.ADC_GetResetCalibrationStatus)
    i.ADC_Init                               0x08001820   Section        0  stm32f10x_adc.o(i.ADC_Init)
    i.ADC_RegularChannelConfig               0x08001870   Section        0  stm32f10x_adc.o(i.ADC_RegularChannelConfig)
    i.ADC_ResetCalibration                   0x08001928   Section        0  stm32f10x_adc.o(i.ADC_ResetCalibration)
    i.ADC_SoftwareStartConvCmd               0x08001932   Section        0  stm32f10x_adc.o(i.ADC_SoftwareStartConvCmd)
    i.ADC_StartCalibration                   0x08001948   Section        0  stm32f10x_adc.o(i.ADC_StartCalibration)
    i.Adc_Init                               0x08001954   Section        0  adc.o(i.Adc_Init)
    i.BusFault_Handler                       0x080019f0   Section        0  stm32f10x_it.o(i.BusFault_Handler)
    i.DebugMon_Handler                       0x080019f4   Section        0  stm32f10x_it.o(i.DebugMon_Handler)
    i.Dis_Float                              0x080019f8   Section        0  oled.o(i.Dis_Float)
    i.GPIO_Init                              0x08001bb4   Section        0  stm32f10x_gpio.o(i.GPIO_Init)
    i.GPIO_ResetBits                         0x08001cca   Section        0  stm32f10x_gpio.o(i.GPIO_ResetBits)
    i.GPIO_SetBits                           0x08001cce   Section        0  stm32f10x_gpio.o(i.GPIO_SetBits)
    i.Get_Adc                                0x08001cd4   Section        0  adc.o(i.Get_Adc)
    i.Get_Adc_Average                        0x08001d08   Section        0  adc.o(i.Get_Adc_Average)
    i.HardFault_Handler                      0x08001d36   Section        0  stm32f10x_it.o(i.HardFault_Handler)
    i.MemManage_Handler                      0x08001d3a   Section        0  stm32f10x_it.o(i.MemManage_Handler)
    i.NMI_Handler                            0x08001d3e   Section        0  stm32f10x_it.o(i.NMI_Handler)
    i.NVIC_Init                              0x08001d40   Section        0  misc.o(i.NVIC_Init)
    i.NVIC_PriorityGroupConfig               0x08001db0   Section        0  misc.o(i.NVIC_PriorityGroupConfig)
    i.OLED_Clear1                            0x08001dc4   Section        0  oled.o(i.OLED_Clear1)
    i.OLED_DLY_ms                            0x08001e04   Section        0  oled.o(i.OLED_DLY_ms)
    i.OLED_Fill                              0x08001e1c   Section        0  oled.o(i.OLED_Fill)
    i.OLED_Init                              0x08001e58   Section        0  oled.o(i.OLED_Init)
    i.OLED_P8x16Str                          0x08001f70   Section        0  oled.o(i.OLED_P8x16Str)
    i.OLED_Set_Pos                           0x08001ff8   Section        0  oled.o(i.OLED_Set_Pos)
    i.OLED_Set_Pos1                          0x0800201c   Section        0  oled.o(i.OLED_Set_Pos1)
    i.OLED_ShowChar1                         0x0800204c   Section        0  oled.o(i.OLED_ShowChar1)
    i.OLED_ShowString1                       0x080020b8   Section        0  oled.o(i.OLED_ShowString1)
    i.OLED_WR_Byte                           0x080020f0   Section        0  oled.o(i.OLED_WR_Byte)
    i.OLED_WR_Byte1                          0x08002150   Section        0  oled.o(i.OLED_WR_Byte1)
    i.OLED_WrCmd                             0x080021a8   Section        0  oled.o(i.OLED_WrCmd)
    i.OLED_WrDat                             0x08002200   Section        0  oled.o(i.OLED_WrDat)
    i.PendSV_Handler                         0x0800225c   Section        0  stm32f10x_it.o(i.PendSV_Handler)
    i.RCC_ADCCLKConfig                       0x08002260   Section        0  stm32f10x_rcc.o(i.RCC_ADCCLKConfig)
    i.RCC_APB1PeriphClockCmd                 0x08002278   Section        0  stm32f10x_rcc.o(i.RCC_APB1PeriphClockCmd)
    i.RCC_APB2PeriphClockCmd                 0x08002298   Section        0  stm32f10x_rcc.o(i.RCC_APB2PeriphClockCmd)
    i.RCC_GetClocksFreq                      0x080022b8   Section        0  stm32f10x_rcc.o(i.RCC_GetClocksFreq)
    i.SVC_Handler                            0x0800238c   Section        0  stm32f10x_it.o(i.SVC_Handler)
    i.SetSysClock                            0x0800238e   Section        0  system_stm32f10x.o(i.SetSysClock)
    SetSysClock                              0x0800238f   Thumb Code     8  system_stm32f10x.o(i.SetSysClock)
    i.SetSysClockTo72                        0x08002398   Section        0  system_stm32f10x.o(i.SetSysClockTo72)
    SetSysClockTo72                          0x08002399   Thumb Code   214  system_stm32f10x.o(i.SetSysClockTo72)
    i.SysTick_CLKSourceConfig                0x08002478   Section        0  misc.o(i.SysTick_CLKSourceConfig)
    i.SysTick_Handler                        0x080024a0   Section        0  stm32f10x_it.o(i.SysTick_Handler)
    i.SystemInit                             0x080024a4   Section        0  system_stm32f10x.o(i.SystemInit)
    i.USART1_IRQHandler                      0x08002504   Section        0  usart.o(i.USART1_IRQHandler)
    i.USART2_IRQHandler                      0x08002550   Section        0  usart.o(i.USART2_IRQHandler)
    i.USART3_IRQHandler                      0x0800259c   Section        0  usart.o(i.USART3_IRQHandler)
    i.USART_ClearFlag                        0x080025b8   Section        0  stm32f10x_usart.o(i.USART_ClearFlag)
    i.USART_Cmd                              0x080025ca   Section        0  stm32f10x_usart.o(i.USART_Cmd)
    i.USART_GetFlagStatus                    0x080025e2   Section        0  stm32f10x_usart.o(i.USART_GetFlagStatus)
    i.USART_GetITStatus                      0x080025fc   Section        0  stm32f10x_usart.o(i.USART_GetITStatus)
    i.USART_ITConfig                         0x08002650   Section        0  stm32f10x_usart.o(i.USART_ITConfig)
    i.USART_Init                             0x0800269c   Section        0  stm32f10x_usart.o(i.USART_Init)
    i.USART_SendData                         0x08002774   Section        0  stm32f10x_usart.o(i.USART_SendData)
    i.UsageFault_Handler                     0x0800277c   Section        0  stm32f10x_it.o(i.UsageFault_Handler)
    i.Usart1_Init                            0x08002780   Section        0  usart.o(i.Usart1_Init)
    i.Usart2_Init                            0x08002830   Section        0  usart.o(i.Usart2_Init)
    i.Usart3_Init                            0x080028dc   Section        0  usart.o(i.Usart3_Init)
    i.UsartPrintf                            0x0800298c   Section        0  usart.o(i.UsartPrintf)
    i.__ARM_fpclassify                       0x080029d0   Section        0  fpclassify.o(i.__ARM_fpclassify)
    i._is_digit                              0x080029f8   Section        0  __printf_wp.o(i._is_digit)
    i.delay_init                             0x08002a08   Section        0  delay.o(i.delay_init)
    i.delay_ms                               0x08002a4c   Section        0  delay.o(i.delay_ms)
    i.hard_init                              0x08002a98   Section        0  main.o(i.hard_init)
    i.main                                   0x08002acc   Section        0  main.o(i.main)
    locale$$code                             0x08002d64   Section       44  lc_numeric_c.o(locale$$code)
    locale$$code                             0x08002d90   Section       44  lc_ctype_c.o(locale$$code)
    x$fpl$d2f                                0x08002dbc   Section       98  d2f.o(x$fpl$d2f)
    x$fpl$dadd                               0x08002e20   Section      336  daddsub_clz.o(x$fpl$dadd)
    _dadd1                                   0x08002e31   Thumb Code     0  daddsub_clz.o(x$fpl$dadd)
    x$fpl$dcmpinf                            0x08002f70   Section       24  dcmpi.o(x$fpl$dcmpinf)
    x$fpl$ddiv                               0x08002f88   Section      688  ddiv.o(x$fpl$ddiv)
    ddiv_entry                               0x08002f8f   Thumb Code     0  ddiv.o(x$fpl$ddiv)
    x$fpl$dfix                               0x08003238   Section       94  dfix.o(x$fpl$dfix)
    x$fpl$dfixu                              0x08003298   Section       90  dfixu.o(x$fpl$dfixu)
    x$fpl$dflt                               0x080032f2   Section       46  dflt_clz.o(x$fpl$dflt)
    x$fpl$dleqf                              0x08003320   Section      120  dleqf.o(x$fpl$dleqf)
    x$fpl$dmul                               0x08003398   Section      340  dmul.o(x$fpl$dmul)
    x$fpl$dnaninf                            0x080034ec   Section      156  dnaninf.o(x$fpl$dnaninf)
    x$fpl$dretinf                            0x08003588   Section       12  dretinf.o(x$fpl$dretinf)
    x$fpl$drsb                               0x08003594   Section       22  daddsub_clz.o(x$fpl$drsb)
    x$fpl$dsub                               0x080035ac   Section      468  daddsub_clz.o(x$fpl$dsub)
    _dsub1                                   0x080035bd   Thumb Code     0  daddsub_clz.o(x$fpl$dsub)
    x$fpl$f2d                                0x08003780   Section       86  f2d.o(x$fpl$f2d)
    x$fpl$fadd                               0x080037d8   Section      196  faddsub_clz.o(x$fpl$fadd)
    _fadd1                                   0x080037e7   Thumb Code     0  faddsub_clz.o(x$fpl$fadd)
    x$fpl$fdiv                               0x0800389c   Section      388  fdiv.o(x$fpl$fdiv)
    _fdiv1                                   0x0800389d   Thumb Code     0  fdiv.o(x$fpl$fdiv)
    x$fpl$ffltu                              0x08003a20   Section       38  fflt_clz.o(x$fpl$ffltu)
    x$fpl$fmul                               0x08003a48   Section      258  fmul.o(x$fpl$fmul)
    x$fpl$fnaninf                            0x08003b4a   Section      140  fnaninf.o(x$fpl$fnaninf)
    x$fpl$fretinf                            0x08003bd6   Section       10  fretinf.o(x$fpl$fretinf)
    x$fpl$fsub                               0x08003be0   Section      234  faddsub_clz.o(x$fpl$fsub)
    _fsub1                                   0x08003bef   Thumb Code     0  faddsub_clz.o(x$fpl$fsub)
    x$fpl$printf1                            0x08003cca   Section        4  printf1.o(x$fpl$printf1)
    .constdata                               0x08003cce   Section     3849  oled.o(.constdata)
    x$fpl$usenofp                            0x08003cce   Section        0  usenofp.o(x$fpl$usenofp)
    .constdata                               0x08004bd8   Section        8  _printf_wctomb.o(.constdata)
    initial_mbstate                          0x08004bd8   Data           8  _printf_wctomb.o(.constdata)
    .constdata                               0x08004be0   Section       40  _printf_hex_int_ll_ptr.o(.constdata)
    uc_hextab                                0x08004be0   Data          20  _printf_hex_int_ll_ptr.o(.constdata)
    lc_hextab                                0x08004bf4   Data          20  _printf_hex_int_ll_ptr.o(.constdata)
    .constdata                               0x08004c08   Section       17  __printf_flags_ss_wp.o(.constdata)
    maptable                                 0x08004c08   Data          17  __printf_flags_ss_wp.o(.constdata)
    .constdata                               0x08004c1c   Section      148  bigflt0.o(.constdata)
    tenpwrs_x                                0x08004c1c   Data          60  bigflt0.o(.constdata)
    tenpwrs_i                                0x08004c58   Data          64  bigflt0.o(.constdata)
    locale$$data                             0x08004cd0   Section       28  lc_numeric_c.o(locale$$data)
    __lcnum_c_name                           0x08004cd4   Data           2  lc_numeric_c.o(locale$$data)
    __lcnum_c_start                          0x08004cdc   Data           0  lc_numeric_c.o(locale$$data)
    __lcnum_c_point                          0x08004ce8   Data           0  lc_numeric_c.o(locale$$data)
    __lcnum_c_thousands                      0x08004cea   Data           0  lc_numeric_c.o(locale$$data)
    __lcnum_c_grouping                       0x08004ceb   Data           0  lc_numeric_c.o(locale$$data)
    locale$$data                             0x08004cec   Section      272  lc_ctype_c.o(locale$$data)
    __lcnum_c_end                            0x08004cec   Data           0  lc_numeric_c.o(locale$$data)
    __lcctype_c_name                         0x08004cf0   Data           2  lc_ctype_c.o(locale$$data)
    __lcctype_c_start                        0x08004cf8   Data           0  lc_ctype_c.o(locale$$data)
    __lcctype_c_end                          0x08004dfc   Data           0  lc_ctype_c.o(locale$$data)
    .data                                    0x20000000   Section        4  main.o(.data)
    .data                                    0x20000004   Section       20  system_stm32f10x.o(.data)
    .data                                    0x20000018   Section        4  delay.o(.data)
    fac_us                                   0x20000018   Data           1  delay.o(.data)
    fac_ms                                   0x2000001a   Data           2  delay.o(.data)
    .data                                    0x2000001c   Section        4  usart.o(.data)
    .data                                    0x20000020   Section       20  stm32f10x_rcc.o(.data)
    APBAHBPrescTable                         0x20000020   Data          16  stm32f10x_rcc.o(.data)
    ADCPrescTable                            0x20000030   Data           4  stm32f10x_rcc.o(.data)
    .bss                                     0x20000034   Section       18  usart.o(.bss)
    .bss                                     0x20000048   Section       96  libspace.o(.bss)
    HEAP                                     0x200000a8   Section      512  startup_stm32f10x_md.o(HEAP)
    Heap_Mem                                 0x200000a8   Data         512  startup_stm32f10x_md.o(HEAP)
    STACK                                    0x200002a8   Section     1024  startup_stm32f10x_md.o(STACK)
    Stack_Mem                                0x200002a8   Data        1024  startup_stm32f10x_md.o(STACK)
    __initial_sp                             0x200006a8   Data           0  startup_stm32f10x_md.o(STACK)

    Global Symbols

    Symbol Name                              Value     Ov Type        Size  Object(Section)

    BuildAttributes$$THM_ISAv4$P$D$K$B$S$PE$A:L22UL41UL21$X:L11$S22US41US21$IEEE1$IW$USESV6$~STKCKD$USESV7$~SHL$OTIME$ROPI$IEEEJ$EBA8$UX$STANDARDLIB$REQ8$PRES8$EABIv2 0x00000000   Number         0  anon$$obj.o ABSOLUTE
    __ARM_use_no_argv                        0x00000000   Number         0  main.o ABSOLUTE
    _printf_flags                            0x00000000   Number         0  printf_stubs.o ABSOLUTE
    _printf_return_value                     0x00000000   Number         0  printf_stubs.o ABSOLUTE
    _printf_sizespec                         0x00000000   Number         0  printf_stubs.o ABSOLUTE
    _printf_widthprec                        0x00000000   Number         0  printf_stubs.o ABSOLUTE
    __ARM_exceptions_init                     - Undefined Weak Reference
    __alloca_initialize                       - Undefined Weak Reference
    __arm_preinit_                            - Undefined Weak Reference
    __cpp_initialize__aeabi_                  - Undefined Weak Reference
    __cxa_finalize                            - Undefined Weak Reference
    __sigvec_lookup                           - Undefined Weak Reference
    _atexit_init                              - Undefined Weak Reference
    _call_atexit_fns                          - Undefined Weak Reference
    _clock_init                               - Undefined Weak Reference
    _fp_trap_init                             - Undefined Weak Reference
    _fp_trap_shutdown                         - Undefined Weak Reference
    _get_lc_collate                           - Undefined Weak Reference
    _get_lc_monetary                          - Undefined Weak Reference
    _get_lc_time                              - Undefined Weak Reference
    _getenv_init                              - Undefined Weak Reference
    _handle_redirection                       - Undefined Weak Reference
    _init_alloc                               - Undefined Weak Reference
    _init_user_alloc                          - Undefined Weak Reference
    _initio                                   - Undefined Weak Reference
    _printf_fp_hex                            - Undefined Weak Reference
    _printf_mbtowc                            - Undefined Weak Reference
    _printf_wc                                - Undefined Weak Reference
    _rand_init                                - Undefined Weak Reference
    _signal_finish                            - Undefined Weak Reference
    _signal_init                              - Undefined Weak Reference
    _terminate_alloc                          - Undefined Weak Reference
    _terminate_user_alloc                     - Undefined Weak Reference
    _terminateio                              - Undefined Weak Reference
    __Vectors_Size                           0x000000ec   Number         0  startup_stm32f10x_md.o ABSOLUTE
    __Vectors                                0x08000000   Data           4  startup_stm32f10x_md.o(RESET)
    __Vectors_End                            0x080000ec   Data           0  startup_stm32f10x_md.o(RESET)
    __main                                   0x080000ed   Thumb Code     8  __main.o(!!!main)
    __scatterload                            0x080000f5   Thumb Code     0  __scatter.o(!!!scatter)
    __scatterload_rt2                        0x080000f5   Thumb Code    44  __scatter.o(!!!scatter)
    __scatterload_rt2_thumb_only             0x080000f5   Thumb Code     0  __scatter.o(!!!scatter)
    __scatterload_null                       0x08000103   Thumb Code     0  __scatter.o(!!!scatter)
    __scatterload_copy                       0x08000129   Thumb Code    26  __scatter_copy.o(!!handler_copy)
    __scatterload_zeroinit                   0x08000145   Thumb Code    28  __scatter_zi.o(!!handler_zi)
    _printf_n                                0x08000161   Thumb Code     0  _printf_n.o(.ARM.Collect$$_printf_percent$$00000001)
    _printf_percent                          0x08000161   Thumb Code     0  _printf_percent.o(.ARM.Collect$$_printf_percent$$00000000)
    _printf_p                                0x08000167   Thumb Code     0  _printf_p.o(.ARM.Collect$$_printf_percent$$00000002)
    _printf_f                                0x0800016d   Thumb Code     0  _printf_f.o(.ARM.Collect$$_printf_percent$$00000003)
    _printf_e                                0x08000173   Thumb Code     0  _printf_e.o(.ARM.Collect$$_printf_percent$$00000004)
    _printf_g                                0x08000179   Thumb Code     0  _printf_g.o(.ARM.Collect$$_printf_percent$$00000005)
    _printf_a                                0x0800017f   Thumb Code     0  _printf_a.o(.ARM.Collect$$_printf_percent$$00000006)
    _printf_ll                               0x08000185   Thumb Code     0  _printf_ll.o(.ARM.Collect$$_printf_percent$$00000007)
    _printf_i                                0x0800018f   Thumb Code     0  _printf_i.o(.ARM.Collect$$_printf_percent$$00000008)
    _printf_d                                0x08000195   Thumb Code     0  _printf_d.o(.ARM.Collect$$_printf_percent$$00000009)
    _printf_u                                0x0800019b   Thumb Code     0  _printf_u.o(.ARM.Collect$$_printf_percent$$0000000A)
    _printf_o                                0x080001a1   Thumb Code     0  _printf_o.o(.ARM.Collect$$_printf_percent$$0000000B)
    _printf_x                                0x080001a7   Thumb Code     0  _printf_x.o(.ARM.Collect$$_printf_percent$$0000000C)
    _printf_lli                              0x080001ad   Thumb Code     0  _printf_lli.o(.ARM.Collect$$_printf_percent$$0000000D)
    _printf_lld                              0x080001b3   Thumb Code     0  _printf_lld.o(.ARM.Collect$$_printf_percent$$0000000E)
    _printf_llu                              0x080001b9   Thumb Code     0  _printf_llu.o(.ARM.Collect$$_printf_percent$$0000000F)
    _printf_llo                              0x080001bf   Thumb Code     0  _printf_llo.o(.ARM.Collect$$_printf_percent$$00000010)
    _printf_llx                              0x080001c5   Thumb Code     0  _printf_llx.o(.ARM.Collect$$_printf_percent$$00000011)
    _printf_l                                0x080001cb   Thumb Code     0  _printf_l.o(.ARM.Collect$$_printf_percent$$00000012)
    _printf_c                                0x080001d5   Thumb Code     0  _printf_c.o(.ARM.Collect$$_printf_percent$$00000013)
    _printf_s                                0x080001db   Thumb Code     0  _printf_s.o(.ARM.Collect$$_printf_percent$$00000014)
    _printf_lc                               0x080001e1   Thumb Code     0  _printf_lc.o(.ARM.Collect$$_printf_percent$$00000015)
    _printf_ls                               0x080001e7   Thumb Code     0  _printf_ls.o(.ARM.Collect$$_printf_percent$$00000016)
    _printf_percent_end                      0x080001ed   Thumb Code     0  _printf_percent_end.o(.ARM.Collect$$_printf_percent$$00000017)
    __rt_lib_init                            0x080001f1   Thumb Code     0  libinit.o(.ARM.Collect$$libinit$$00000000)
    __rt_lib_init_fp_1                       0x080001f3   Thumb Code     0  libinit2.o(.ARM.Collect$$libinit$$00000002)
    __rt_lib_init_heap_1                     0x080001f3   Thumb Code     0  libinit2.o(.ARM.Collect$$libinit$$0000000A)
    __rt_lib_init_lc_common                  0x080001f3   Thumb Code     0  libinit2.o(.ARM.Collect$$libinit$$0000000F)
    __rt_lib_init_preinit_1                  0x080001f3   Thumb Code     0  libinit2.o(.ARM.Collect$$libinit$$00000004)
    __rt_lib_init_rand_1                     0x080001f3   Thumb Code     0  libinit2.o(.ARM.Collect$$libinit$$0000000E)
    __rt_lib_init_user_alloc_1               0x080001f3   Thumb Code     0  libinit2.o(.ARM.Collect$$libinit$$0000000C)
    __rt_lib_init_lc_collate_1               0x080001f9   Thumb Code     0  libinit2.o(.ARM.Collect$$libinit$$00000011)
    __rt_lib_init_lc_ctype_2                 0x080001f9   Thumb Code     0  libinit2.o(.ARM.Collect$$libinit$$00000012)
    __rt_lib_init_lc_ctype_1                 0x08000205   Thumb Code     0  libinit2.o(.ARM.Collect$$libinit$$00000013)
    __rt_lib_init_lc_monetary_1              0x08000205   Thumb Code     0  libinit2.o(.ARM.Collect$$libinit$$00000015)
    __rt_lib_init_lc_numeric_2               0x08000205   Thumb Code     0  libinit2.o(.ARM.Collect$$libinit$$00000016)
    __rt_lib_init_alloca_1                   0x0800020f   Thumb Code     0  libinit2.o(.ARM.Collect$$libinit$$0000002E)
    __rt_lib_init_argv_1                     0x0800020f   Thumb Code     0  libinit2.o(.ARM.Collect$$libinit$$0000002C)
    __rt_lib_init_atexit_1                   0x0800020f   Thumb Code     0  libinit2.o(.ARM.Collect$$libinit$$0000001B)
    __rt_lib_init_clock_1                    0x0800020f   Thumb Code     0  libinit2.o(.ARM.Collect$$libinit$$00000021)
    __rt_lib_init_cpp_1                      0x0800020f   Thumb Code     0  libinit2.o(.ARM.Collect$$libinit$$00000032)
    __rt_lib_init_exceptions_1               0x0800020f   Thumb Code     0  libinit2.o(.ARM.Collect$$libinit$$00000030)
    __rt_lib_init_fp_trap_1                  0x0800020f   Thumb Code     0  libinit2.o(.ARM.Collect$$libinit$$0000001F)
    __rt_lib_init_getenv_1                   0x0800020f   Thumb Code     0  libinit2.o(.ARM.Collect$$libinit$$00000023)
    __rt_lib_init_lc_numeric_1               0x0800020f   Thumb Code     0  libinit2.o(.ARM.Collect$$libinit$$00000017)
    __rt_lib_init_lc_time_1                  0x0800020f   Thumb Code     0  libinit2.o(.ARM.Collect$$libinit$$00000019)
    __rt_lib_init_return                     0x0800020f   Thumb Code     0  libinit2.o(.ARM.Collect$$libinit$$00000033)
    __rt_lib_init_signal_1                   0x0800020f   Thumb Code     0  libinit2.o(.ARM.Collect$$libinit$$0000001D)
    __rt_lib_init_stdio_1                    0x0800020f   Thumb Code     0  libinit2.o(.ARM.Collect$$libinit$$00000025)
    __rt_lib_shutdown                        0x08000211   Thumb Code     0  libshutdown.o(.ARM.Collect$$libshutdown$$00000000)
    __rt_lib_shutdown_fp_trap_1              0x08000213   Thumb Code     0  libshutdown2.o(.ARM.Collect$$libshutdown$$00000006)
    __rt_lib_shutdown_heap_1                 0x08000213   Thumb Code     0  libshutdown2.o(.ARM.Collect$$libshutdown$$0000000E)
    __rt_lib_shutdown_return                 0x08000213   Thumb Code     0  libshutdown2.o(.ARM.Collect$$libshutdown$$0000000F)
    __rt_lib_shutdown_signal_1               0x08000213   Thumb Code     0  libshutdown2.o(.ARM.Collect$$libshutdown$$00000009)
    __rt_lib_shutdown_stdio_1                0x08000213   Thumb Code     0  libshutdown2.o(.ARM.Collect$$libshutdown$$00000003)
    __rt_lib_shutdown_user_alloc_1           0x08000213   Thumb Code     0  libshutdown2.o(.ARM.Collect$$libshutdown$$0000000B)
    __rt_entry                               0x08000215   Thumb Code     0  __rtentry.o(.ARM.Collect$$rtentry$$00000000)
    __rt_entry_presh_1                       0x08000215   Thumb Code     0  __rtentry2.o(.ARM.Collect$$rtentry$$00000002)
    __rt_entry_sh                            0x08000215   Thumb Code     0  __rtentry4.o(.ARM.Collect$$rtentry$$00000004)
    __rt_entry_li                            0x0800021b   Thumb Code     0  __rtentry2.o(.ARM.Collect$$rtentry$$0000000A)
    __rt_entry_postsh_1                      0x0800021b   Thumb Code     0  __rtentry2.o(.ARM.Collect$$rtentry$$00000009)
    __rt_entry_main                          0x0800021f   Thumb Code     0  __rtentry2.o(.ARM.Collect$$rtentry$$0000000D)
    __rt_entry_postli_1                      0x0800021f   Thumb Code     0  __rtentry2.o(.ARM.Collect$$rtentry$$0000000C)
    __rt_exit                                0x08000227   Thumb Code     0  rtexit.o(.ARM.Collect$$rtexit$$00000000)
    __rt_exit_ls                             0x08000229   Thumb Code     0  rtexit2.o(.ARM.Collect$$rtexit$$00000003)
    __rt_exit_prels_1                        0x08000229   Thumb Code     0  rtexit2.o(.ARM.Collect$$rtexit$$00000002)
    __rt_exit_exit                           0x0800022d   Thumb Code     0  rtexit2.o(.ARM.Collect$$rtexit$$00000004)
    Reset_Handler                            0x08000235   Thumb Code     8  startup_stm32f10x_md.o(.text)
    ADC1_2_IRQHandler                        0x0800024f   Thumb Code     0  startup_stm32f10x_md.o(.text)
    CAN1_RX1_IRQHandler                      0x0800024f   Thumb Code     0  startup_stm32f10x_md.o(.text)
    CAN1_SCE_IRQHandler                      0x0800024f   Thumb Code     0  startup_stm32f10x_md.o(.text)
    DMA1_Channel1_IRQHandler                 0x0800024f   Thumb Code     0  startup_stm32f10x_md.o(.text)
    DMA1_Channel2_IRQHandler                 0x0800024f   Thumb Code     0  startup_stm32f10x_md.o(.text)
    DMA1_Channel3_IRQHandler                 0x0800024f   Thumb Code     0  startup_stm32f10x_md.o(.text)
    DMA1_Channel4_IRQHandler                 0x0800024f   Thumb Code     0  startup_stm32f10x_md.o(.text)
    DMA1_Channel5_IRQHandler                 0x0800024f   Thumb Code     0  startup_stm32f10x_md.o(.text)
    DMA1_Channel6_IRQHandler                 0x0800024f   Thumb Code     0  startup_stm32f10x_md.o(.text)
    DMA1_Channel7_IRQHandler                 0x0800024f   Thumb Code     0  startup_stm32f10x_md.o(.text)
    EXTI0_IRQHandler                         0x0800024f   Thumb Code     0  startup_stm32f10x_md.o(.text)
    EXTI15_10_IRQHandler                     0x0800024f   Thumb Code     0  startup_stm32f10x_md.o(.text)
    EXTI1_IRQHandler                         0x0800024f   Thumb Code     0  startup_stm32f10x_md.o(.text)
    EXTI2_IRQHandler                         0x0800024f   Thumb Code     0  startup_stm32f10x_md.o(.text)
    EXTI3_IRQHandler                         0x0800024f   Thumb Code     0  startup_stm32f10x_md.o(.text)
    EXTI4_IRQHandler                         0x0800024f   Thumb Code     0  startup_stm32f10x_md.o(.text)
    EXTI9_5_IRQHandler                       0x0800024f   Thumb Code     0  startup_stm32f10x_md.o(.text)
    FLASH_IRQHandler                         0x0800024f   Thumb Code     0  startup_stm32f10x_md.o(.text)
    I2C1_ER_IRQHandler                       0x0800024f   Thumb Code     0  startup_stm32f10x_md.o(.text)
    I2C1_EV_IRQHandler                       0x0800024f   Thumb Code     0  startup_stm32f10x_md.o(.text)
    I2C2_ER_IRQHandler                       0x0800024f   Thumb Code     0  startup_stm32f10x_md.o(.text)
    I2C2_EV_IRQHandler                       0x0800024f   Thumb Code     0  startup_stm32f10x_md.o(.text)
    PVD_IRQHandler                           0x0800024f   Thumb Code     0  startup_stm32f10x_md.o(.text)
    RCC_IRQHandler                           0x0800024f   Thumb Code     0  startup_stm32f10x_md.o(.text)
    RTCAlarm_IRQHandler                      0x0800024f   Thumb Code     0  startup_stm32f10x_md.o(.text)
    RTC_IRQHandler                           0x0800024f   Thumb Code     0  startup_stm32f10x_md.o(.text)
    SPI1_IRQHandler                          0x0800024f   Thumb Code     0  startup_stm32f10x_md.o(.text)
    SPI2_IRQHandler                          0x0800024f   Thumb Code     0  startup_stm32f10x_md.o(.text)
    TAMPER_IRQHandler                        0x0800024f   Thumb Code     0  startup_stm32f10x_md.o(.text)
    TIM1_BRK_IRQHandler                      0x0800024f   Thumb Code     0  startup_stm32f10x_md.o(.text)
    TIM1_CC_IRQHandler                       0x0800024f   Thumb Code     0  startup_stm32f10x_md.o(.text)
    TIM1_TRG_COM_IRQHandler                  0x0800024f   Thumb Code     0  startup_stm32f10x_md.o(.text)
    TIM1_UP_IRQHandler                       0x0800024f   Thumb Code     0  startup_stm32f10x_md.o(.text)
    TIM2_IRQHandler                          0x0800024f   Thumb Code     0  startup_stm32f10x_md.o(.text)
    TIM3_IRQHandler                          0x0800024f   Thumb Code     0  startup_stm32f10x_md.o(.text)
    TIM4_IRQHandler                          0x0800024f   Thumb Code     0  startup_stm32f10x_md.o(.text)
    USBWakeUp_IRQHandler                     0x0800024f   Thumb Code     0  startup_stm32f10x_md.o(.text)
    USB_HP_CAN1_TX_IRQHandler                0x0800024f   Thumb Code     0  startup_stm32f10x_md.o(.text)
    USB_LP_CAN1_RX0_IRQHandler               0x0800024f   Thumb Code     0  startup_stm32f10x_md.o(.text)
    WWDG_IRQHandler                          0x0800024f   Thumb Code     0  startup_stm32f10x_md.o(.text)
    __user_initial_stackheap                 0x08000251   Thumb Code     0  startup_stm32f10x_md.o(.text)
    __c89vsprintf                            0x08000275   Thumb Code    32  c89vsprintf.o(.text)
    __use_two_region_memory                  0x08000299   Thumb Code     2  heapauxi.o(.text)
    __rt_heap_escrow$2region                 0x0800029b   Thumb Code     2  heapauxi.o(.text)
    __rt_heap_expand$2region                 0x0800029d   Thumb Code     2  heapauxi.o(.text)
    _printf_pre_padding                      0x0800029f   Thumb Code    44  _printf_pad.o(.text)
    _printf_post_padding                     0x080002cb   Thumb Code    34  _printf_pad.o(.text)
    _printf_truncate_signed                  0x080002ed   Thumb Code    18  _printf_truncate.o(.text)
    _printf_truncate_unsigned                0x080002ff   Thumb Code    18  _printf_truncate.o(.text)
    _printf_str                              0x08000311   Thumb Code    82  _printf_str.o(.text)
    _printf_int_dec                          0x08000365   Thumb Code   104  _printf_dec.o(.text)
    _printf_charcount                        0x080003dd   Thumb Code    40  _printf_charcount.o(.text)
    _printf_char_common                      0x0800040f   Thumb Code    32  _printf_char_common.o(.text)
    _sputc                                   0x08000435   Thumb Code    10  _sputc.o(.text)
    _printf_wctomb                           0x08000441   Thumb Code   182  _printf_wctomb.o(.text)
    _printf_longlong_dec                     0x080004fd   Thumb Code   108  _printf_longlong_dec.o(.text)
    _printf_longlong_oct                     0x08000579   Thumb Code    68  _printf_oct_int_ll.o(.text)
    _printf_int_oct                          0x080005bd   Thumb Code    24  _printf_oct_int_ll.o(.text)
    _printf_ll_oct                           0x080005d5   Thumb Code    12  _printf_oct_int_ll.o(.text)
    _printf_longlong_hex                     0x080005e9   Thumb Code    86  _printf_hex_int_ll_ptr.o(.text)
    _printf_int_hex                          0x0800063f   Thumb Code    28  _printf_hex_int_ll_ptr.o(.text)
    _printf_ll_hex                           0x0800065b   Thumb Code    12  _printf_hex_int_ll_ptr.o(.text)
    _printf_hex_ptr                          0x08000667   Thumb Code    18  _printf_hex_int_ll_ptr.o(.text)
    __printf                                 0x0800067d   Thumb Code   388  __printf_flags_ss_wp.o(.text)
    _ll_udiv10                               0x08000805   Thumb Code   138  lludiv10.o(.text)
    _printf_int_common                       0x0800088f   Thumb Code   178  _printf_intcommon.o(.text)
    __lib_sel_fp_printf                      0x08000941   Thumb Code     2  _printf_fp_dec.o(.text)
    _printf_fp_dec_real                      0x08000aef   Thumb Code   620  _printf_fp_dec.o(.text)
    _printf_cs_common                        0x08000d5b   Thumb Code    20  _printf_char.o(.text)
    _printf_char                             0x08000d6f   Thumb Code    16  _printf_char.o(.text)
    _printf_string                           0x08000d7f   Thumb Code     8  _printf_char.o(.text)
    _printf_lcs_common                       0x08000d87   Thumb Code    20  _printf_wchar.o(.text)
    _printf_wchar                            0x08000d9b   Thumb Code    16  _printf_wchar.o(.text)
    _printf_wstring                          0x08000dab   Thumb Code     8  _printf_wchar.o(.text)
    _wcrtomb                                 0x08000db3   Thumb Code    64  _wcrtomb.o(.text)
    __user_setup_stackheap                   0x08000df3   Thumb Code    74  sys_stackheap_outer.o(.text)
    __rt_ctype_table                         0x08000e3d   Thumb Code    16  rt_ctype_table.o(.text)
    __rt_locale                              0x08000e4d   Thumb Code     8  rt_locale_intlibspace.o(.text)
    _printf_fp_infnan                        0x08000e55   Thumb Code   112  _printf_fp_infnan.o(.text)
    _btod_etento                             0x08000ed5   Thumb Code   216  bigflt0.o(.text)
    exit                                     0x08000fb1   Thumb Code    12  exit.o(.text)
    __user_libspace                          0x08000fbd   Thumb Code     8  libspace.o(.text)
    __user_perproc_libspace                  0x08000fbd   Thumb Code     0  libspace.o(.text)
    __user_perthread_libspace                0x08000fbd   Thumb Code     0  libspace.o(.text)
    strcmp                                   0x08000fc5   Thumb Code   128  strcmpv7m.o(.text)
    _sys_exit                                0x08001045   Thumb Code     8  sys_exit.o(.text)
    __I$use$semihosting                      0x08001051   Thumb Code     0  use_no_semi.o(.text)
    __use_no_semihosting_swi                 0x08001051   Thumb Code     2  use_no_semi.o(.text)
    __semihosting_library_function           0x08001053   Thumb Code     0  indicate_semi.o(.text)
    _btod_d2e                                0x08001053   Thumb Code    62  btod.o(CL$$btod_d2e)
    _d2e_denorm_low                          0x08001091   Thumb Code    70  btod.o(CL$$btod_d2e_denorm_low)
    _d2e_norm_op1                            0x080010d7   Thumb Code    96  btod.o(CL$$btod_d2e_norm_op1)
    __btod_div_common                        0x08001137   Thumb Code   696  btod.o(CL$$btod_div_common)
    _e2e                                     0x0800146f   Thumb Code   198  btod.o(CL$$btod_e2e)
    _btod_ediv                               0x08001535   Thumb Code    40  btod.o(CL$$btod_ediv)
    _btod_emul                               0x0800155d   Thumb Code    40  btod.o(CL$$btod_emul)
    __btod_mult_common                       0x08001585   Thumb Code   580  btod.o(CL$$btod_mult_common)
    ADC_Cmd                                  0x080017c9   Thumb Code    22  stm32f10x_adc.o(i.ADC_Cmd)
    ADC_GetCalibrationStatus                 0x080017df   Thumb Code    20  stm32f10x_adc.o(i.ADC_GetCalibrationStatus)
    ADC_GetConversionValue                   0x080017f3   Thumb Code     8  stm32f10x_adc.o(i.ADC_GetConversionValue)
    ADC_GetFlagStatus                        0x080017fb   Thumb Code    18  stm32f10x_adc.o(i.ADC_GetFlagStatus)
    ADC_GetResetCalibrationStatus            0x0800180d   Thumb Code    20  stm32f10x_adc.o(i.ADC_GetResetCalibrationStatus)
    ADC_Init                                 0x08001821   Thumb Code    70  stm32f10x_adc.o(i.ADC_Init)
    ADC_RegularChannelConfig                 0x08001871   Thumb Code   184  stm32f10x_adc.o(i.ADC_RegularChannelConfig)
    ADC_ResetCalibration                     0x08001929   Thumb Code    10  stm32f10x_adc.o(i.ADC_ResetCalibration)
    ADC_SoftwareStartConvCmd                 0x08001933   Thumb Code    22  stm32f10x_adc.o(i.ADC_SoftwareStartConvCmd)
    ADC_StartCalibration                     0x08001949   Thumb Code    10  stm32f10x_adc.o(i.ADC_StartCalibration)
    Adc_Init                                 0x08001955   Thumb Code   146  adc.o(i.Adc_Init)
    BusFault_Handler                         0x080019f1   Thumb Code     4  stm32f10x_it.o(i.BusFault_Handler)
    DebugMon_Handler                         0x080019f5   Thumb Code     2  stm32f10x_it.o(i.DebugMon_Handler)
    Dis_Float                                0x080019f9   Thumb Code   440  oled.o(i.Dis_Float)
    GPIO_Init                                0x08001bb5   Thumb Code   278  stm32f10x_gpio.o(i.GPIO_Init)
    GPIO_ResetBits                           0x08001ccb   Thumb Code     4  stm32f10x_gpio.o(i.GPIO_ResetBits)
    GPIO_SetBits                             0x08001ccf   Thumb Code     4  stm32f10x_gpio.o(i.GPIO_SetBits)
    Get_Adc                                  0x08001cd5   Thumb Code    46  adc.o(i.Get_Adc)
    Get_Adc_Average                          0x08001d09   Thumb Code    46  adc.o(i.Get_Adc_Average)
    HardFault_Handler                        0x08001d37   Thumb Code     4  stm32f10x_it.o(i.HardFault_Handler)
    MemManage_Handler                        0x08001d3b   Thumb Code     4  stm32f10x_it.o(i.MemManage_Handler)
    NMI_Handler                              0x08001d3f   Thumb Code     2  stm32f10x_it.o(i.NMI_Handler)
    NVIC_Init                                0x08001d41   Thumb Code   100  misc.o(i.NVIC_Init)
    NVIC_PriorityGroupConfig                 0x08001db1   Thumb Code    10  misc.o(i.NVIC_PriorityGroupConfig)
    OLED_Clear1                              0x08001dc5   Thumb Code    64  oled.o(i.OLED_Clear1)
    OLED_DLY_ms                              0x08001e05   Thumb Code    24  oled.o(i.OLED_DLY_ms)
    OLED_Fill                                0x08001e1d   Thumb Code    58  oled.o(i.OLED_Fill)
    OLED_Init                                0x08001e59   Thumb Code   274  oled.o(i.OLED_Init)
    OLED_P8x16Str                            0x08001f71   Thumb Code   130  oled.o(i.OLED_P8x16Str)
    OLED_Set_Pos                             0x08001ff9   Thumb Code    36  oled.o(i.OLED_Set_Pos)
    OLED_Set_Pos1                            0x0800201d   Thumb Code    46  oled.o(i.OLED_Set_Pos1)
    OLED_ShowChar1                           0x0800204d   Thumb Code   102  oled.o(i.OLED_ShowChar1)
    OLED_ShowString1                         0x080020b9   Thumb Code    54  oled.o(i.OLED_ShowString1)
    OLED_WR_Byte                             0x080020f1   Thumb Code    92  oled.o(i.OLED_WR_Byte)
    OLED_WR_Byte1                            0x08002151   Thumb Code    84  oled.o(i.OLED_WR_Byte1)
    OLED_WrCmd                               0x080021a9   Thumb Code    84  oled.o(i.OLED_WrCmd)
    OLED_WrDat                               0x08002201   Thumb Code    86  oled.o(i.OLED_WrDat)
    PendSV_Handler                           0x0800225d   Thumb Code     2  stm32f10x_it.o(i.PendSV_Handler)
    RCC_ADCCLKConfig                         0x08002261   Thumb Code    18  stm32f10x_rcc.o(i.RCC_ADCCLKConfig)
    RCC_APB1PeriphClockCmd                   0x08002279   Thumb Code    26  stm32f10x_rcc.o(i.RCC_APB1PeriphClockCmd)
    RCC_APB2PeriphClockCmd                   0x08002299   Thumb Code    26  stm32f10x_rcc.o(i.RCC_APB2PeriphClockCmd)
    RCC_GetClocksFreq                        0x080022b9   Thumb Code   192  stm32f10x_rcc.o(i.RCC_GetClocksFreq)
    SVC_Handler                              0x0800238d   Thumb Code     2  stm32f10x_it.o(i.SVC_Handler)
    SysTick_CLKSourceConfig                  0x08002479   Thumb Code    40  misc.o(i.SysTick_CLKSourceConfig)
    SysTick_Handler                          0x080024a1   Thumb Code     2  stm32f10x_it.o(i.SysTick_Handler)
    SystemInit                               0x080024a5   Thumb Code    78  system_stm32f10x.o(i.SystemInit)
    USART1_IRQHandler                        0x08002505   Thumb Code    62  usart.o(i.USART1_IRQHandler)
    USART2_IRQHandler                        0x08002551   Thumb Code    62  usart.o(i.USART2_IRQHandler)
    USART3_IRQHandler                        0x0800259d   Thumb Code    24  usart.o(i.USART3_IRQHandler)
    USART_ClearFlag                          0x080025b9   Thumb Code    18  stm32f10x_usart.o(i.USART_ClearFlag)
    USART_Cmd                                0x080025cb   Thumb Code    24  stm32f10x_usart.o(i.USART_Cmd)
    USART_GetFlagStatus                      0x080025e3   Thumb Code    26  stm32f10x_usart.o(i.USART_GetFlagStatus)
    USART_GetITStatus                        0x080025fd   Thumb Code    84  stm32f10x_usart.o(i.USART_GetITStatus)
    USART_ITConfig                           0x08002651   Thumb Code    74  stm32f10x_usart.o(i.USART_ITConfig)
    USART_Init                               0x0800269d   Thumb Code   210  stm32f10x_usart.o(i.USART_Init)
    USART_SendData                           0x08002775   Thumb Code     8  stm32f10x_usart.o(i.USART_SendData)
    UsageFault_Handler                       0x0800277d   Thumb Code     4  stm32f10x_it.o(i.UsageFault_Handler)
    Usart1_Init                              0x08002781   Thumb Code   166  usart.o(i.Usart1_Init)
    Usart2_Init                              0x08002831   Thumb Code   164  usart.o(i.Usart2_Init)
    Usart3_Init                              0x080028dd   Thumb Code   166  usart.o(i.Usart3_Init)
    UsartPrintf                              0x0800298d   Thumb Code    68  usart.o(i.UsartPrintf)
    __ARM_fpclassify                         0x080029d1   Thumb Code    40  fpclassify.o(i.__ARM_fpclassify)
    _is_digit                                0x080029f9   Thumb Code    14  __printf_wp.o(i._is_digit)
    delay_init                               0x08002a09   Thumb Code    50  delay.o(i.delay_init)
    delay_ms                                 0x08002a4d   Thumb Code    72  delay.o(i.delay_ms)
    hard_init                                0x08002a99   Thumb Code    52  main.o(i.hard_init)
    main                                     0x08002acd   Thumb Code   574  main.o(i.main)
    _get_lc_numeric                          0x08002d65   Thumb Code    44  lc_numeric_c.o(locale$$code)
    _get_lc_ctype                            0x08002d91   Thumb Code    44  lc_ctype_c.o(locale$$code)
    __aeabi_d2f                              0x08002dbd   Thumb Code     0  d2f.o(x$fpl$d2f)
    _d2f                                     0x08002dbd   Thumb Code    98  d2f.o(x$fpl$d2f)
    __aeabi_dadd                             0x08002e21   Thumb Code     0  daddsub_clz.o(x$fpl$dadd)
    _dadd                                    0x08002e21   Thumb Code   332  daddsub_clz.o(x$fpl$dadd)
    __fpl_dcmp_Inf                           0x08002f71   Thumb Code    24  dcmpi.o(x$fpl$dcmpinf)
    __aeabi_ddiv                             0x08002f89   Thumb Code     0  ddiv.o(x$fpl$ddiv)
    _ddiv                                    0x08002f89   Thumb Code   552  ddiv.o(x$fpl$ddiv)
    __aeabi_d2iz                             0x08003239   Thumb Code     0  dfix.o(x$fpl$dfix)
    _dfix                                    0x08003239   Thumb Code    94  dfix.o(x$fpl$dfix)
    __aeabi_d2uiz                            0x08003299   Thumb Code     0  dfixu.o(x$fpl$dfixu)
    _dfixu                                   0x08003299   Thumb Code    90  dfixu.o(x$fpl$dfixu)
    __aeabi_i2d                              0x080032f3   Thumb Code     0  dflt_clz.o(x$fpl$dflt)
    _dflt                                    0x080032f3   Thumb Code    46  dflt_clz.o(x$fpl$dflt)
    __aeabi_cdcmple                          0x08003321   Thumb Code     0  dleqf.o(x$fpl$dleqf)
    _dcmple                                  0x08003321   Thumb Code   120  dleqf.o(x$fpl$dleqf)
    __fpl_dcmple_InfNaN                      0x08003383   Thumb Code     0  dleqf.o(x$fpl$dleqf)
    __aeabi_dmul                             0x08003399   Thumb Code     0  dmul.o(x$fpl$dmul)
    _dmul                                    0x08003399   Thumb Code   332  dmul.o(x$fpl$dmul)
    __fpl_dnaninf                            0x080034ed   Thumb Code   156  dnaninf.o(x$fpl$dnaninf)
    __fpl_dretinf                            0x08003589   Thumb Code    12  dretinf.o(x$fpl$dretinf)
    __aeabi_drsub                            0x08003595   Thumb Code     0  daddsub_clz.o(x$fpl$drsb)
    _drsb                                    0x08003595   Thumb Code    22  daddsub_clz.o(x$fpl$drsb)
    __aeabi_dsub                             0x080035ad   Thumb Code     0  daddsub_clz.o(x$fpl$dsub)
    _dsub                                    0x080035ad   Thumb Code   464  daddsub_clz.o(x$fpl$dsub)
    __aeabi_f2d                              0x08003781   Thumb Code     0  f2d.o(x$fpl$f2d)
    _f2d                                     0x08003781   Thumb Code    86  f2d.o(x$fpl$f2d)
    __aeabi_fadd                             0x080037d9   Thumb Code     0  faddsub_clz.o(x$fpl$fadd)
    _fadd                                    0x080037d9   Thumb Code   196  faddsub_clz.o(x$fpl$fadd)
    __aeabi_fdiv                             0x0800389d   Thumb Code     0  fdiv.o(x$fpl$fdiv)
    _fdiv                                    0x0800389d   Thumb Code   384  fdiv.o(x$fpl$fdiv)
    __aeabi_ui2f                             0x08003a21   Thumb Code     0  fflt_clz.o(x$fpl$ffltu)
    _ffltu                                   0x08003a21   Thumb Code    38  fflt_clz.o(x$fpl$ffltu)
    __aeabi_fmul                             0x08003a49   Thumb Code     0  fmul.o(x$fpl$fmul)
    _fmul                                    0x08003a49   Thumb Code   258  fmul.o(x$fpl$fmul)
    __fpl_fnaninf                            0x08003b4b   Thumb Code   140  fnaninf.o(x$fpl$fnaninf)
    __fpl_fretinf                            0x08003bd7   Thumb Code    10  fretinf.o(x$fpl$fretinf)
    __aeabi_fsub                             0x08003be1   Thumb Code     0  faddsub_clz.o(x$fpl$fsub)
    _fsub                                    0x08003be1   Thumb Code   234  faddsub_clz.o(x$fpl$fsub)
    _printf_fp_dec                           0x08003ccb   Thumb Code     4  printf1.o(x$fpl$printf1)
    F6x8                                     0x08003cce   Data         552  oled.o(.constdata)
    __I$use$fp                               0x08003cce   Number         0  usenofp.o(x$fpl$usenofp)
    F14x16_Idx                               0x08003ef6   Data          17  oled.o(.constdata)
    F14x16                                   0x08003f07   Data         224  oled.o(.constdata)
    F8X16                                    0x08003fe7   Data        1520  oled.o(.constdata)
    LOGO128x64                               0x080045d7   Data        1024  oled.o(.constdata)
    Hzk                                      0x080049d7   Data         512  oled.o(.constdata)
    Region$$Table$$Base                      0x08004cb0   Number         0  anon$$obj.o(Region$$Table)
    Region$$Table$$Limit                     0x08004cd0   Number         0  anon$$obj.o(Region$$Table)
    __ctype                                  0x08004cf9   Data           0  lc_ctype_c.o(locale$$data)
    adc0                                     0x20000000   Data           2  main.o(.data)
    adc1                                     0x20000002   Data           2  main.o(.data)
    SystemCoreClock                          0x20000004   Data           4  system_stm32f10x.o(.data)
    AHBPrescTable                            0x20000008   Data          16  system_stm32f10x.o(.data)
    usart1Len                                0x2000001c   Data           2  usart.o(.data)
    usart2Len                                0x2000001e   Data           2  usart.o(.data)
    usart1Buf                                0x20000034   Data           9  usart.o(.bss)
    usart2Buf                                0x2000003d   Data           9  usart.o(.bss)
    __libspace_start                         0x20000048   Data          96  libspace.o(.bss)
    __temporary_stack_top$libspace           0x200000a8   Data           0  libspace.o(.bss)



==============================================================================

Memory Map of the image

  Image Entry point : 0x08000235

  Load Region LR_1 (Base: 0x08000000, Size: 0x00004e30, Max: 0xffffffff, ABSOLUTE)

    Execution Region ER_RO (Base: 0x08000000, Size: 0x00004dfc, Max: 0xffffffff, ABSOLUTE)

    Base Addr    Size         Type   Attr      Idx    E Section Name        Object

    0x08000000   0x000000ec   Data   RO          390    RESET               startup_stm32f10x_md.o
    0x080000ec   0x00000008   Code   RO         3762  * !!!main             c_w.l(__main.o)
    0x080000f4   0x00000034   Code   RO         4133    !!!scatter          c_w.l(__scatter.o)
    0x08000128   0x0000001a   Code   RO         4135    !!handler_copy      c_w.l(__scatter_copy.o)
    0x08000142   0x00000002   PAD
    0x08000144   0x0000001c   Code   RO         4137    !!handler_zi        c_w.l(__scatter_zi.o)
    0x08000160   0x00000000   Code   RO         3896    .ARM.Collect$$_printf_percent$$00000000  c_w.l(_printf_percent.o)
    0x08000160   0x00000006   Code   RO         3885    .ARM.Collect$$_printf_percent$$00000001  c_w.l(_printf_n.o)
    0x08000166   0x00000006   Code   RO         3887    .ARM.Collect$$_printf_percent$$00000002  c_w.l(_printf_p.o)
    0x0800016c   0x00000006   Code   RO         3892    .ARM.Collect$$_printf_percent$$00000003  c_w.l(_printf_f.o)
    0x08000172   0x00000006   Code   RO         3893    .ARM.Collect$$_printf_percent$$00000004  c_w.l(_printf_e.o)
    0x08000178   0x00000006   Code   RO         3894    .ARM.Collect$$_printf_percent$$00000005  c_w.l(_printf_g.o)
    0x0800017e   0x00000006   Code   RO         3895    .ARM.Collect$$_printf_percent$$00000006  c_w.l(_printf_a.o)
    0x08000184   0x0000000a   Code   RO         3900    .ARM.Collect$$_printf_percent$$00000007  c_w.l(_printf_ll.o)
    0x0800018e   0x00000006   Code   RO         3889    .ARM.Collect$$_printf_percent$$00000008  c_w.l(_printf_i.o)
    0x08000194   0x00000006   Code   RO         3890    .ARM.Collect$$_printf_percent$$00000009  c_w.l(_printf_d.o)
    0x0800019a   0x00000006   Code   RO         3891    .ARM.Collect$$_printf_percent$$0000000A  c_w.l(_printf_u.o)
    0x080001a0   0x00000006   Code   RO         3888    .ARM.Collect$$_printf_percent$$0000000B  c_w.l(_printf_o.o)
    0x080001a6   0x00000006   Code   RO         3886    .ARM.Collect$$_printf_percent$$0000000C  c_w.l(_printf_x.o)
    0x080001ac   0x00000006   Code   RO         3897    .ARM.Collect$$_printf_percent$$0000000D  c_w.l(_printf_lli.o)
    0x080001b2   0x00000006   Code   RO         3898    .ARM.Collect$$_printf_percent$$0000000E  c_w.l(_printf_lld.o)
    0x080001b8   0x00000006   Code   RO         3899    .ARM.Collect$$_printf_percent$$0000000F  c_w.l(_printf_llu.o)
    0x080001be   0x00000006   Code   RO         3904    .ARM.Collect$$_printf_percent$$00000010  c_w.l(_printf_llo.o)
    0x080001c4   0x00000006   Code   RO         3905    .ARM.Collect$$_printf_percent$$00000011  c_w.l(_printf_llx.o)
    0x080001ca   0x0000000a   Code   RO         3901    .ARM.Collect$$_printf_percent$$00000012  c_w.l(_printf_l.o)
    0x080001d4   0x00000006   Code   RO         3883    .ARM.Collect$$_printf_percent$$00000013  c_w.l(_printf_c.o)
    0x080001da   0x00000006   Code   RO         3884    .ARM.Collect$$_printf_percent$$00000014  c_w.l(_printf_s.o)
    0x080001e0   0x00000006   Code   RO         3902    .ARM.Collect$$_printf_percent$$00000015  c_w.l(_printf_lc.o)
    0x080001e6   0x00000006   Code   RO         3903    .ARM.Collect$$_printf_percent$$00000016  c_w.l(_printf_ls.o)
    0x080001ec   0x00000004   Code   RO         3946    .ARM.Collect$$_printf_percent$$00000017  c_w.l(_printf_percent_end.o)
    0x080001f0   0x00000002   Code   RO         3995    .ARM.Collect$$libinit$$00000000  c_w.l(libinit.o)
    0x080001f2   0x00000000   Code   RO         4011    .ARM.Collect$$libinit$$00000002  c_w.l(libinit2.o)
    0x080001f2   0x00000000   Code   RO         4013    .ARM.Collect$$libinit$$00000004  c_w.l(libinit2.o)
    0x080001f2   0x00000000   Code   RO         4016    .ARM.Collect$$libinit$$0000000A  c_w.l(libinit2.o)
    0x080001f2   0x00000000   Code   RO         4018    .ARM.Collect$$libinit$$0000000C  c_w.l(libinit2.o)
    0x080001f2   0x00000000   Code   RO         4020    .ARM.Collect$$libinit$$0000000E  c_w.l(libinit2.o)
    0x080001f2   0x00000006   Code   RO         4021    .ARM.Collect$$libinit$$0000000F  c_w.l(libinit2.o)
    0x080001f8   0x00000000   Code   RO         4023    .ARM.Collect$$libinit$$00000011  c_w.l(libinit2.o)
    0x080001f8   0x0000000c   Code   RO         4024    .ARM.Collect$$libinit$$00000012  c_w.l(libinit2.o)
    0x08000204   0x00000000   Code   RO         4025    .ARM.Collect$$libinit$$00000013  c_w.l(libinit2.o)
    0x08000204   0x00000000   Code   RO         4027    .ARM.Collect$$libinit$$00000015  c_w.l(libinit2.o)
    0x08000204   0x0000000a   Code   RO         4028    .ARM.Collect$$libinit$$00000016  c_w.l(libinit2.o)
    0x0800020e   0x00000000   Code   RO         4029    .ARM.Collect$$libinit$$00000017  c_w.l(libinit2.o)
    0x0800020e   0x00000000   Code   RO         4031    .ARM.Collect$$libinit$$00000019  c_w.l(libinit2.o)
    0x0800020e   0x00000000   Code   RO         4033    .ARM.Collect$$libinit$$0000001B  c_w.l(libinit2.o)
    0x0800020e   0x00000000   Code   RO         4035    .ARM.Collect$$libinit$$0000001D  c_w.l(libinit2.o)
    0x0800020e   0x00000000   Code   RO         4037    .ARM.Collect$$libinit$$0000001F  c_w.l(libinit2.o)
    0x0800020e   0x00000000   Code   RO         4039    .ARM.Collect$$libinit$$00000021  c_w.l(libinit2.o)
    0x0800020e   0x00000000   Code   RO         4041    .ARM.Collect$$libinit$$00000023  c_w.l(libinit2.o)
    0x0800020e   0x00000000   Code   RO         4043    .ARM.Collect$$libinit$$00000025  c_w.l(libinit2.o)
    0x0800020e   0x00000000   Code   RO         4047    .ARM.Collect$$libinit$$0000002C  c_w.l(libinit2.o)
    0x0800020e   0x00000000   Code   RO         4049    .ARM.Collect$$libinit$$0000002E  c_w.l(libinit2.o)
    0x0800020e   0x00000000   Code   RO         4051    .ARM.Collect$$libinit$$00000030  c_w.l(libinit2.o)
    0x0800020e   0x00000000   Code   RO         4053    .ARM.Collect$$libinit$$00000032  c_w.l(libinit2.o)
    0x0800020e   0x00000002   Code   RO         4054    .ARM.Collect$$libinit$$00000033  c_w.l(libinit2.o)
    0x08000210   0x00000002   Code   RO         4074    .ARM.Collect$$libshutdown$$00000000  c_w.l(libshutdown.o)
    0x08000212   0x00000000   Code   RO         4088    .ARM.Collect$$libshutdown$$00000003  c_w.l(libshutdown2.o)
    0x08000212   0x00000000   Code   RO         4091    .ARM.Collect$$libshutdown$$00000006  c_w.l(libshutdown2.o)
    0x08000212   0x00000000   Code   RO         4094    .ARM.Collect$$libshutdown$$00000009  c_w.l(libshutdown2.o)
    0x08000212   0x00000000   Code   RO         4096    .ARM.Collect$$libshutdown$$0000000B  c_w.l(libshutdown2.o)
    0x08000212   0x00000000   Code   RO         4099    .ARM.Collect$$libshutdown$$0000000E  c_w.l(libshutdown2.o)
    0x08000212   0x00000002   Code   RO         4100    .ARM.Collect$$libshutdown$$0000000F  c_w.l(libshutdown2.o)
    0x08000214   0x00000000   Code   RO         3814    .ARM.Collect$$rtentry$$00000000  c_w.l(__rtentry.o)
    0x08000214   0x00000000   Code   RO         3920    .ARM.Collect$$rtentry$$00000002  c_w.l(__rtentry2.o)
    0x08000214   0x00000006   Code   RO         3932    .ARM.Collect$$rtentry$$00000004  c_w.l(__rtentry4.o)
    0x0800021a   0x00000000   Code   RO         3922    .ARM.Collect$$rtentry$$00000009  c_w.l(__rtentry2.o)
    0x0800021a   0x00000004   Code   RO         3923    .ARM.Collect$$rtentry$$0000000A  c_w.l(__rtentry2.o)
    0x0800021e   0x00000000   Code   RO         3925    .ARM.Collect$$rtentry$$0000000C  c_w.l(__rtentry2.o)
    0x0800021e   0x00000008   Code   RO         3926    .ARM.Collect$$rtentry$$0000000D  c_w.l(__rtentry2.o)
    0x08000226   0x00000002   Code   RO         4003    .ARM.Collect$$rtexit$$00000000  c_w.l(rtexit.o)
    0x08000228   0x00000000   Code   RO         4056    .ARM.Collect$$rtexit$$00000002  c_w.l(rtexit2.o)
    0x08000228   0x00000004   Code   RO         4057    .ARM.Collect$$rtexit$$00000003  c_w.l(rtexit2.o)
    0x0800022c   0x00000006   Code   RO         4058    .ARM.Collect$$rtexit$$00000004  c_w.l(rtexit2.o)
    0x08000232   0x00000002   PAD
    0x08000234   0x00000040   Code   RO          391  * .text               startup_stm32f10x_md.o
    0x08000274   0x00000024   Code   RO         3758    .text               c_w.l(c89vsprintf.o)
    0x08000298   0x00000006   Code   RO         3760    .text               c_w.l(heapauxi.o)
    0x0800029e   0x0000004e   Code   RO         3817    .text               c_w.l(_printf_pad.o)
    0x080002ec   0x00000024   Code   RO         3819    .text               c_w.l(_printf_truncate.o)
    0x08000310   0x00000052   Code   RO         3821    .text               c_w.l(_printf_str.o)
    0x08000362   0x00000002   PAD
    0x08000364   0x00000078   Code   RO         3823    .text               c_w.l(_printf_dec.o)
    0x080003dc   0x00000028   Code   RO         3825    .text               c_w.l(_printf_charcount.o)
    0x08000404   0x00000030   Code   RO         3827    .text               c_w.l(_printf_char_common.o)
    0x08000434   0x0000000a   Code   RO         3829    .text               c_w.l(_sputc.o)
    0x0800043e   0x00000002   PAD
    0x08000440   0x000000bc   Code   RO         3831    .text               c_w.l(_printf_wctomb.o)
    0x080004fc   0x0000007c   Code   RO         3834    .text               c_w.l(_printf_longlong_dec.o)
    0x08000578   0x00000070   Code   RO         3840    .text               c_w.l(_printf_oct_int_ll.o)
    0x080005e8   0x00000094   Code   RO         3860    .text               c_w.l(_printf_hex_int_ll_ptr.o)
    0x0800067c   0x00000188   Code   RO         3880    .text               c_w.l(__printf_flags_ss_wp.o)
    0x08000804   0x0000008a   Code   RO         3934    .text               c_w.l(lludiv10.o)
    0x0800088e   0x000000b2   Code   RO         3936    .text               c_w.l(_printf_intcommon.o)
    0x08000940   0x0000041a   Code   RO         3938    .text               c_w.l(_printf_fp_dec.o)
    0x08000d5a   0x0000002c   Code   RO         3942    .text               c_w.l(_printf_char.o)
    0x08000d86   0x0000002c   Code   RO         3944    .text               c_w.l(_printf_wchar.o)
    0x08000db2   0x00000040   Code   RO         3947    .text               c_w.l(_wcrtomb.o)
    0x08000df2   0x0000004a   Code   RO         3949    .text               c_w.l(sys_stackheap_outer.o)
    0x08000e3c   0x00000010   Code   RO         3951    .text               c_w.l(rt_ctype_table.o)
    0x08000e4c   0x00000008   Code   RO         3956    .text               c_w.l(rt_locale_intlibspace.o)
    0x08000e54   0x00000080   Code   RO         3958    .text               c_w.l(_printf_fp_infnan.o)
    0x08000ed4   0x000000dc   Code   RO         3960    .text               c_w.l(bigflt0.o)
    0x08000fb0   0x0000000c   Code   RO         3988    .text               c_w.l(exit.o)
    0x08000fbc   0x00000008   Code   RO         4000    .text               c_w.l(libspace.o)
    0x08000fc4   0x00000080   Code   RO         4008    .text               c_w.l(strcmpv7m.o)
    0x08001044   0x0000000c   Code   RO         4066    .text               c_w.l(sys_exit.o)
    0x08001050   0x00000002   Code   RO         4077    .text               c_w.l(use_no_semi.o)
    0x08001052   0x00000000   Code   RO         4079    .text               c_w.l(indicate_semi.o)
    0x08001052   0x0000003e   Code   RO         3963    CL$$btod_d2e        c_w.l(btod.o)
    0x08001090   0x00000046   Code   RO         3965    CL$$btod_d2e_denorm_low  c_w.l(btod.o)
    0x080010d6   0x00000060   Code   RO         3964    CL$$btod_d2e_norm_op1  c_w.l(btod.o)
    0x08001136   0x00000338   Code   RO         3973    CL$$btod_div_common  c_w.l(btod.o)
    0x0800146e   0x000000c6   Code   RO         3970    CL$$btod_e2e        c_w.l(btod.o)
    0x08001534   0x00000028   Code   RO         3967    CL$$btod_ediv       c_w.l(btod.o)
    0x0800155c   0x00000028   Code   RO         3966    CL$$btod_emul       c_w.l(btod.o)
    0x08001584   0x00000244   Code   RO         3972    CL$$btod_mult_common  c_w.l(btod.o)
    0x080017c8   0x00000016   Code   RO          437    i.ADC_Cmd           stm32f10x_adc.o
    0x080017de   0x00000014   Code   RO          445    i.ADC_GetCalibrationStatus  stm32f10x_adc.o
    0x080017f2   0x00000008   Code   RO          446    i.ADC_GetConversionValue  stm32f10x_adc.o
    0x080017fa   0x00000012   Code   RO          448    i.ADC_GetFlagStatus  stm32f10x_adc.o
    0x0800180c   0x00000014   Code   RO          451    i.ADC_GetResetCalibrationStatus  stm32f10x_adc.o
    0x08001820   0x00000050   Code   RO          455    i.ADC_Init          stm32f10x_adc.o
    0x08001870   0x000000b8   Code   RO          459    i.ADC_RegularChannelConfig  stm32f10x_adc.o
    0x08001928   0x0000000a   Code   RO          460    i.ADC_ResetCalibration  stm32f10x_adc.o
    0x08001932   0x00000016   Code   RO          462    i.ADC_SoftwareStartConvCmd  stm32f10x_adc.o
    0x08001948   0x0000000a   Code   RO          464    i.ADC_StartCalibration  stm32f10x_adc.o
    0x08001952   0x00000002   PAD
    0x08001954   0x0000009c   Code   RO         3726    i.Adc_Init          adc.o
    0x080019f0   0x00000004   Code   RO          126    i.BusFault_Handler  stm32f10x_it.o
    0x080019f4   0x00000002   Code   RO          127    i.DebugMon_Handler  stm32f10x_it.o
    0x080019f6   0x00000002   PAD
    0x080019f8   0x000001bc   Code   RO         3363    i.Dis_Float         oled.o
    0x08001bb4   0x00000116   Code   RO         1546    i.GPIO_Init         stm32f10x_gpio.o
    0x08001cca   0x00000004   Code   RO         1553    i.GPIO_ResetBits    stm32f10x_gpio.o
    0x08001cce   0x00000004   Code   RO         1554    i.GPIO_SetBits      stm32f10x_gpio.o
    0x08001cd2   0x00000002   PAD
    0x08001cd4   0x00000034   Code   RO         3728    i.Get_Adc           adc.o
    0x08001d08   0x0000002e   Code   RO         3729    i.Get_Adc_Average   adc.o
    0x08001d36   0x00000004   Code   RO          128    i.HardFault_Handler  stm32f10x_it.o
    0x08001d3a   0x00000004   Code   RO          129    i.MemManage_Handler  stm32f10x_it.o
    0x08001d3e   0x00000002   Code   RO          130    i.NMI_Handler       stm32f10x_it.o
    0x08001d40   0x00000070   Code   RO          395    i.NVIC_Init         misc.o
    0x08001db0   0x00000014   Code   RO          396    i.NVIC_PriorityGroupConfig  misc.o
    0x08001dc4   0x00000040   Code   RO         3372    i.OLED_Clear1       oled.o
    0x08001e04   0x00000018   Code   RO         3373    i.OLED_DLY_ms       oled.o
    0x08001e1c   0x0000003a   Code   RO         3374    i.OLED_Fill         oled.o
    0x08001e56   0x00000002   PAD
    0x08001e58   0x00000118   Code   RO         3376    i.OLED_Init         oled.o
    0x08001f70   0x00000088   Code   RO         3385    i.OLED_P8x16Str     oled.o
    0x08001ff8   0x00000024   Code   RO         3387    i.OLED_Set_Pos      oled.o
    0x0800201c   0x0000002e   Code   RO         3388    i.OLED_Set_Pos1     oled.o
    0x0800204a   0x00000002   PAD
    0x0800204c   0x0000006c   Code   RO         3390    i.OLED_ShowChar1    oled.o
    0x080020b8   0x00000036   Code   RO         3391    i.OLED_ShowString1  oled.o
    0x080020ee   0x00000002   PAD
    0x080020f0   0x00000060   Code   RO         3392    i.OLED_WR_Byte      oled.o
    0x08002150   0x00000058   Code   RO         3393    i.OLED_WR_Byte1     oled.o
    0x080021a8   0x00000058   Code   RO         3394    i.OLED_WrCmd        oled.o
    0x08002200   0x0000005c   Code   RO         3395    i.OLED_WrDat        oled.o
    0x0800225c   0x00000002   Code   RO          131    i.PendSV_Handler    stm32f10x_it.o
    0x0800225e   0x00000002   PAD
    0x08002260   0x00000018   Code   RO         1960    i.RCC_ADCCLKConfig  stm32f10x_rcc.o
    0x08002278   0x00000020   Code   RO         1962    i.RCC_APB1PeriphClockCmd  stm32f10x_rcc.o
    0x08002298   0x00000020   Code   RO         1964    i.RCC_APB2PeriphClockCmd  stm32f10x_rcc.o
    0x080022b8   0x000000d4   Code   RO         1972    i.RCC_GetClocksFreq  stm32f10x_rcc.o
    0x0800238c   0x00000002   Code   RO          132    i.SVC_Handler       stm32f10x_it.o
    0x0800238e   0x00000008   Code   RO          189    i.SetSysClock       system_stm32f10x.o
    0x08002396   0x00000002   PAD
    0x08002398   0x000000e0   Code   RO          190    i.SetSysClockTo72   system_stm32f10x.o
    0x08002478   0x00000028   Code   RO          399    i.SysTick_CLKSourceConfig  misc.o
    0x080024a0   0x00000002   Code   RO          133    i.SysTick_Handler   stm32f10x_it.o
    0x080024a2   0x00000002   PAD
    0x080024a4   0x00000060   Code   RO          192    i.SystemInit        system_stm32f10x.o
    0x08002504   0x0000004c   Code   RO          305    i.USART1_IRQHandler  usart.o
    0x08002550   0x0000004c   Code   RO          306    i.USART2_IRQHandler  usart.o
    0x0800259c   0x0000001c   Code   RO          307    i.USART3_IRQHandler  usart.o
    0x080025b8   0x00000012   Code   RO         3128    i.USART_ClearFlag   stm32f10x_usart.o
    0x080025ca   0x00000018   Code   RO         3132    i.USART_Cmd         stm32f10x_usart.o
    0x080025e2   0x0000001a   Code   RO         3135    i.USART_GetFlagStatus  stm32f10x_usart.o
    0x080025fc   0x00000054   Code   RO         3136    i.USART_GetITStatus  stm32f10x_usart.o
    0x08002650   0x0000004a   Code   RO         3138    i.USART_ITConfig    stm32f10x_usart.o
    0x0800269a   0x00000002   PAD
    0x0800269c   0x000000d8   Code   RO         3139    i.USART_Init        stm32f10x_usart.o
    0x08002774   0x00000008   Code   RO         3149    i.USART_SendData    stm32f10x_usart.o
    0x0800277c   0x00000004   Code   RO          134    i.UsageFault_Handler  stm32f10x_it.o
    0x08002780   0x000000b0   Code   RO          308    i.Usart1_Init       usart.o
    0x08002830   0x000000ac   Code   RO          309    i.Usart2_Init       usart.o
    0x080028dc   0x000000b0   Code   RO          310    i.Usart3_Init       usart.o
    0x0800298c   0x00000044   Code   RO          311    i.UsartPrintf       usart.o
    0x080029d0   0x00000028   Code   RO         3998    i.__ARM_fpclassify  m_ws.l(fpclassify.o)
    0x080029f8   0x0000000e   Code   RO         3873    i._is_digit         c_w.l(__printf_wp.o)
    0x08002a06   0x00000002   PAD
    0x08002a08   0x00000044   Code   RO          223    i.delay_init        delay.o
    0x08002a4c   0x0000004c   Code   RO          224    i.delay_ms          delay.o
    0x08002a98   0x00000034   Code   RO            1    i.hard_init         main.o
    0x08002acc   0x00000298   Code   RO            2    i.main              main.o
    0x08002d64   0x0000002c   Code   RO         3986    locale$$code        c_w.l(lc_numeric_c.o)
    0x08002d90   0x0000002c   Code   RO         4006    locale$$code        c_w.l(lc_ctype_c.o)
    0x08002dbc   0x00000062   Code   RO         3764    x$fpl$d2f           fz_ws.l(d2f.o)
    0x08002e1e   0x00000002   PAD
    0x08002e20   0x00000150   Code   RO         3766    x$fpl$dadd          fz_ws.l(daddsub_clz.o)
    0x08002f70   0x00000018   Code   RO         3906    x$fpl$dcmpinf       fz_ws.l(dcmpi.o)
    0x08002f88   0x000002b0   Code   RO         3773    x$fpl$ddiv          fz_ws.l(ddiv.o)
    0x08003238   0x0000005e   Code   RO         3776    x$fpl$dfix          fz_ws.l(dfix.o)
    0x08003296   0x00000002   PAD
    0x08003298   0x0000005a   Code   RO         3780    x$fpl$dfixu         fz_ws.l(dfixu.o)
    0x080032f2   0x0000002e   Code   RO         3785    x$fpl$dflt          fz_ws.l(dflt_clz.o)
    0x08003320   0x00000078   Code   RO         3790    x$fpl$dleqf         fz_ws.l(dleqf.o)
    0x08003398   0x00000154   Code   RO         3792    x$fpl$dmul          fz_ws.l(dmul.o)
    0x080034ec   0x0000009c   Code   RO         3908    x$fpl$dnaninf       fz_ws.l(dnaninf.o)
    0x08003588   0x0000000c   Code   RO         3910    x$fpl$dretinf       fz_ws.l(dretinf.o)
    0x08003594   0x00000016   Code   RO         3767    x$fpl$drsb          fz_ws.l(daddsub_clz.o)
    0x080035aa   0x00000002   PAD
    0x080035ac   0x000001d4   Code   RO         3768    x$fpl$dsub          fz_ws.l(daddsub_clz.o)
    0x08003780   0x00000056   Code   RO         3794    x$fpl$f2d           fz_ws.l(f2d.o)
    0x080037d6   0x00000002   PAD
    0x080037d8   0x000000c4   Code   RO         3796    x$fpl$fadd          fz_ws.l(faddsub_clz.o)
    0x0800389c   0x00000184   Code   RO         3803    x$fpl$fdiv          fz_ws.l(fdiv.o)
    0x08003a20   0x00000026   Code   RO         3806    x$fpl$ffltu         fz_ws.l(fflt_clz.o)
    0x08003a46   0x00000002   PAD
    0x08003a48   0x00000102   Code   RO         3812    x$fpl$fmul          fz_ws.l(fmul.o)
    0x08003b4a   0x0000008c   Code   RO         3912    x$fpl$fnaninf       fz_ws.l(fnaninf.o)
    0x08003bd6   0x0000000a   Code   RO         3914    x$fpl$fretinf       fz_ws.l(fretinf.o)
    0x08003be0   0x000000ea   Code   RO         3798    x$fpl$fsub          fz_ws.l(faddsub_clz.o)
    0x08003cca   0x00000004   Code   RO         3916    x$fpl$printf1       fz_ws.l(printf1.o)
    0x08003cce   0x00000000   Code   RO         3918    x$fpl$usenofp       fz_ws.l(usenofp.o)
    0x08003cce   0x00000f09   Data   RO         3421    .constdata          oled.o
    0x08004bd7   0x00000001   PAD
    0x08004bd8   0x00000008   Data   RO         3832    .constdata          c_w.l(_printf_wctomb.o)
    0x08004be0   0x00000028   Data   RO         3861    .constdata          c_w.l(_printf_hex_int_ll_ptr.o)
    0x08004c08   0x00000011   Data   RO         3881    .constdata          c_w.l(__printf_flags_ss_wp.o)
    0x08004c19   0x00000003   PAD
    0x08004c1c   0x00000094   Data   RO         3961    .constdata          c_w.l(bigflt0.o)
    0x08004cb0   0x00000020   Data   RO         4131    Region$$Table       anon$$obj.o
    0x08004cd0   0x0000001c   Data   RO         3985    locale$$data        c_w.l(lc_numeric_c.o)
    0x08004cec   0x00000110   Data   RO         4005    locale$$data        c_w.l(lc_ctype_c.o)


    Execution Region ER_RW (Base: 0x20000000, Size: 0x00000034, Max: 0xffffffff, ABSOLUTE)

    Base Addr    Size         Type   Attr      Idx    E Section Name        Object

    0x20000000   0x00000004   Data   RW            3    .data               main.o
    0x20000004   0x00000014   Data   RW          193    .data               system_stm32f10x.o
    0x20000018   0x00000004   Data   RW          226    .data               delay.o
    0x2000001c   0x00000004   Data   RW          314    .data               usart.o
    0x20000020   0x00000014   Data   RW         1992    .data               stm32f10x_rcc.o


    Execution Region ER_ZI (Base: 0x20000034, Size: 0x00000674, Max: 0xffffffff, ABSOLUTE)

    Base Addr    Size         Type   Attr      Idx    E Section Name        Object

    0x20000034   0x00000012   Zero   RW          313    .bss                usart.o
    0x20000046   0x00000002   PAD
    0x20000048   0x00000060   Zero   RW         4001    .bss                c_w.l(libspace.o)
    0x200000a8   0x00000200   Zero   RW          389    HEAP                startup_stm32f10x_md.o
    0x200002a8   0x00000400   Zero   RW          388    STACK               startup_stm32f10x_md.o


==============================================================================

Image component sizes


      Code (inc. data)   RO Data    RW Data    ZI Data      Debug   Object Name

       254         16          0          0          0       1747   adc.o
       144         22          0          4          0     213616   delay.o
       716         90          0          4          0     230743   main.o
       172         22          0          0          0       2057   misc.o
      1614         40       3849          0          0       9874   oled.o
        64         26        236          0       1536        792   startup_stm32f10x_md.o
       394         10          0          0          0       7949   stm32f10x_adc.o
       286          0          0          0          0       3024   stm32f10x_gpio.o
        26          0          0          0          0       3702   stm32f10x_it.o
       300         38          0         20          0       4965   stm32f10x_rcc.o
       450          6          0          0          0       6127   stm32f10x_usart.o
         0          0          0          0          0         32   sys.o
       328         28          0         20          0       2085   system_stm32f10x.o
       772         60          0          4         18       5662   usart.o

    ----------------------------------------------------------------------
      5540        358       4118         52       1556     492375   Object Totals
         0          0         32          0          0          0   (incl. Generated)
        20          0          1          0          2          0   (incl. Padding)

    ----------------------------------------------------------------------

      Code (inc. data)   RO Data    RW Data    ZI Data      Debug   Library Member Name

         8          0          0          0          0         68   __main.o
       392          4         17          0          0         92   __printf_flags_ss_wp.o
        14          0          0          0          0         68   __printf_wp.o
         0          0          0          0          0          0   __rtentry.o
        12          0          0          0          0          0   __rtentry2.o
         6          0          0          0          0          0   __rtentry4.o
        52          8          0          0          0          0   __scatter.o
        26          0          0          0          0          0   __scatter_copy.o
        28          0          0          0          0          0   __scatter_zi.o
         6          0          0          0          0          0   _printf_a.o
         6          0          0          0          0          0   _printf_c.o
        44          0          0          0          0        108   _printf_char.o
        48          6          0          0          0         96   _printf_char_common.o
        40          0          0          0          0         68   _printf_charcount.o
         6          0          0          0          0          0   _printf_d.o
       120         16          0          0          0         92   _printf_dec.o
         6          0          0          0          0          0   _printf_e.o
         6          0          0          0          0          0   _printf_f.o
      1050          0          0          0          0        216   _printf_fp_dec.o
       128         16          0          0          0         84   _printf_fp_infnan.o
         6          0          0          0          0          0   _printf_g.o
       148          4         40          0          0        160   _printf_hex_int_ll_ptr.o
         6          0          0          0          0          0   _printf_i.o
       178          0          0          0          0         88   _printf_intcommon.o
        10          0          0          0          0          0   _printf_l.o
         6          0          0          0          0          0   _printf_lc.o
        10          0          0          0          0          0   _printf_ll.o
         6          0          0          0          0          0   _printf_lld.o
         6          0          0          0          0          0   _printf_lli.o
         6          0          0          0          0          0   _printf_llo.o
         6          0          0          0          0          0   _printf_llu.o
         6          0          0          0          0          0   _printf_llx.o
       124         16          0          0          0         92   _printf_longlong_dec.o
         6          0          0          0          0          0   _printf_ls.o
         6          0          0          0          0          0   _printf_n.o
         6          0          0          0          0          0   _printf_o.o
       112          8          0          0          0        124   _printf_oct_int_ll.o
         6          0          0          0          0          0   _printf_p.o
        78          0          0          0          0        108   _printf_pad.o
         0          0          0          0          0          0   _printf_percent.o
         4          0          0          0          0          0   _printf_percent_end.o
         6          0          0          0          0          0   _printf_s.o
        82          0          0          0          0         80   _printf_str.o
        36          0          0          0          0         84   _printf_truncate.o
         6          0          0          0          0          0   _printf_u.o
        44          0          0          0          0        108   _printf_wchar.o
       188          6          8          0          0         92   _printf_wctomb.o
         6          0          0          0          0          0   _printf_x.o
        10          0          0          0          0         68   _sputc.o
        64          0          0          0          0         92   _wcrtomb.o
       220          4        148          0          0         96   bigflt0.o
      1910        128          0          0          0        672   btod.o
        36          4          0          0          0         76   c89vsprintf.o
        12          0          0          0          0         72   exit.o
         6          0          0          0          0        152   heapauxi.o
         0          0          0          0          0          0   indicate_semi.o
        44         10        272          0          0         76   lc_ctype_c.o
        44         10         28          0          0         76   lc_numeric_c.o
         2          0          0          0          0          0   libinit.o
        30          0          0          0          0          0   libinit2.o
         2          0          0          0          0          0   libshutdown.o
         2          0          0          0          0          0   libshutdown2.o
         8          4          0          0         96         68   libspace.o
       138          0          0          0          0         80   lludiv10.o
        16          4          0          0          0         76   rt_ctype_table.o
         8          4          0          0          0         68   rt_locale_intlibspace.o
         2          0          0          0          0          0   rtexit.o
        10          0          0          0          0          0   rtexit2.o
       128          0          0          0          0         68   strcmpv7m.o
        12          4          0          0          0         68   sys_exit.o
        74          0          0          0          0         80   sys_stackheap_outer.o
         2          0          0          0          0         68   use_no_semi.o
        98          4          0          0          0         92   d2f.o
       826         16          0          0          0        348   daddsub_clz.o
        24          0          0          0          0         68   dcmpi.o
       688        140          0          0          0        208   ddiv.o
        94          4          0          0          0         92   dfix.o
        90          4          0          0          0         92   dfixu.o
        46          0          0          0          0         68   dflt_clz.o
       120          4          0          0          0         92   dleqf.o
       340         12          0          0          0        104   dmul.o
       156          4          0          0          0         92   dnaninf.o
        12          0          0          0          0         68   dretinf.o
        86          4          0          0          0         84   f2d.o
       430          8          0          0          0        168   faddsub_clz.o
       388         76          0          0          0         96   fdiv.o
        38          0          0          0          0         68   fflt_clz.o
       258          4          0          0          0         84   fmul.o
       140          4          0          0          0         84   fnaninf.o
        10          0          0          0          0         68   fretinf.o
         4          0          0          0          0         68   printf1.o
         0          0          0          0          0          0   usenofp.o
        40          0          0          0          0         68   fpclassify.o

    ----------------------------------------------------------------------
      9790        540        516          0         96       5896   Library Totals
        20          0          3          0          0          0   (incl. Padding)

    ----------------------------------------------------------------------

      Code (inc. data)   RO Data    RW Data    ZI Data      Debug   Library Name

      5882        256        513          0         96       3784   c_w.l
      3848        284          0          0          0       2044   fz_ws.l
        40          0          0          0          0         68   m_ws.l

    ----------------------------------------------------------------------
      9790        540        516          0         96       5896   Library Totals

    ----------------------------------------------------------------------

==============================================================================


      Code (inc. data)   RO Data    RW Data    ZI Data      Debug   

     15330        898       4634         52       1652     491767   Grand Totals
     15330        898       4634         52       1652     491767   ELF Image Totals
     15330        898       4634         52          0          0   ROM Totals

==============================================================================

    Total RO  Size (Code + RO Data)                19964 (  19.50kB)
    Total RW  Size (RW Data + ZI Data)              1704 (   1.66kB)
    Total ROM Size (Code + RO Data + RW Data)      20016 (  19.55kB)

==============================================================================

